HI-TECH Software C Compiler 

Linker command line:

--edf=C:\Program Files (x86)\HI-TECH Software\PICC\9.71a\dat\en_msgs.txt \
  -cs -h+women safety concept sensor abnormal gps on gsm.sym -z -Q16F877A \
  -ol.obj -Mwomen safety concept sensor abnormal gps on gsm.map -E1 \
  -ACONST=00h-0FFhx32 -ACODE=00h-07FFhx4 -ASTRCODE=00h-01FFFh \
  -AENTRY=00h-0FFhx32 -ASTRING=00h-0FFhx32 -ABANK0=020h-06Fh \
  -ABANK1=0A0h-0EFh -ABANK2=0110h-016Fh -ABANK3=0190h-01EFh \
  -ARAM=020h-06Fh,0A0h-0EFh,0110h-016Fh,0190h-01EFh \
  -AABS1=020h-07Fh,0A0h-0EFh,0110h-016Fh,0190h-01EFh -ACOMMON=070h-07Fh \
  -ASFR0=00h-01Fh -ASFR1=080h-09Fh -ASFR2=0100h-010Fh -ASFR3=0180h-018Fh \
  -preset_vec=00h,intentry=04h,init,end_init -ppowerup=CODE -pfunctab=CODE \
  -ACONFIG=02007h-02007h -pconfig=CONFIG -DCONFIG=2 -AIDLOC=02000h-02003h \
  -pidloc=IDLOC -DIDLOC=2 -AEEDATA=00h-0FFh/02100h -peeprom_data=EEDATA \
  -DEEDATA=2 -DCODE=2 -DSTRCODE=2 -DSTRING=2 -DCONST=2 -DENTRY=2 -k \
  startup.obj women safety concept sensor abnormal gps on gsm.obj 

Object code version is 3.10

Machine type is 16F877A



                Name                               Link     Load   Length Selector   Space Scale
startup.obj     end_init                             10       10        3        8       0
                reset_vec                             0        0        3        0       0
women safety concept sensor abnormal gps on gsm.obj
                intentry                              4        4        C        8       0
                config                             2007     2007        1     400E       0
                text521                             604      604       49       96       0
                text520                             7C5      7C5       12       96       0
                text519                             7D7      7D7       11       96       0
                text518                             752      752       2B       96       0
                text517                             7E8      7E8        C       96       0
                text516                             5B9      5B9       4B       96       0
                text515                             64D      64D       3F       96       0
                text514                             6C2      6C2       36       96       0
                text513                             68C      68C       36       96       0
                text512                             6F8      6F8       2F       96       0
                text511                             727      727       2B       96       0
                text510                             77D      77D       25       96       0
                text509                             33D      33D      174       96       0
                text508                             4B1      4B1      108       96       0
                maintext                             4B       4B      2F2       96       0
                cstackBANK0                          37       37        9       20       1
                cstackCOMMON                         70       70        7       70       1
                clrtext                             7F4      7F4        8       96       0
                bssBANK1                             A0       A0       32       A0       1
                dataBANK0                            40       40        2       20       1
                bssBANK0                             20       20       17       20       1
                bssCOMMON                            77       77        2       70       1
                cinit                               7A2      7A2       23       96       0
                strings                              13       13       38       26       0
                idataBANK0                          7FC      7FC        2       96       0

TOTAL           Name                               Link     Load   Length     Space
        CLASS   CONST          

        CLASS   CODE           
                end_init                             10       10        3         0
                intentry                              4        4        C         0
                reset_vec                             0        0        3         0
                text521                             604      604       49         0
                text520                             7C5      7C5       12         0
                text519                             7D7      7D7       11         0
                text518                             752      752       2B         0
                text517                             7E8      7E8        C         0
                text516                             5B9      5B9       4B         0
                text515                             64D      64D       3F         0
                text514                             6C2      6C2       36         0
                text513                             68C      68C       36         0
                text512                             6F8      6F8       2F         0
                text511                             727      727       2B         0
                text510                             77D      77D       25         0
                text509                             33D      33D      174         0
                text508                             4B1      4B1      108         0
                maintext                             4B       4B      2F2         0
                clrtext                             7F4      7F4        8         0
                cinit                               7A2      7A2       23         0
                idataBANK0                          7FC      7FC        2         0

        CLASS   STRCODE        

        CLASS   ENTRY          

        CLASS   STRING         
                strings                              13       13       38         0

        CLASS   BANK0          
                cstackBANK0                          37       37        9         1
                dataBANK0                            40       40        2         1
                bssBANK0                             20       20       17         1

        CLASS   BANK1          
                bssBANK1                             A0       A0       32         1

        CLASS   BANK2          

        CLASS   BANK3          

        CLASS   RAM            

        CLASS   ABS1           
                abs_s1                               7E       7E        2         1

        CLASS   COMMON         
                cstackCOMMON                         70       70        7         1
                bssCOMMON                            77       77        2         1

        CLASS   SFR0           

        CLASS   SFR1           

        CLASS   SFR2           

        CLASS   SFR3           

        CLASS   CONFIG         
                config                             2007     2007        1         0

        CLASS   IDLOC          

        CLASS   EEDATA         



SEGMENTS        Name                           Load    Length   Top    Selector   Space  Class     Delta

                reset_vec                      000000  000003  000003         0       0  CODE        2
                intentry                       000004  00000F  000013         8       0  CODE        2
                bssBANK0                       000020  000022  000042        20       1  BANK0       1
                strings                        000013  000038  00004B        26       0  STRING      2
                cstackCOMMON                   000070  000009  000079        70       1  COMMON      1
                maintext                       00004B  0007B3  0007FE        96       0  CODE        2
                bssBANK1                       0000A0  000032  0000D2        A0       1  BANK1       1
                config                         002007  000001  002008      400E       0  CONFIG      2


UNUSED ADDRESS RANGES

        Name                Unused          Largest block    Delta
        BANK0            0042-006F             2E           1
        BANK1            00D2-00EF             1E           1
        BANK2            0110-016F             60           1
        BANK3            0190-01EF             60           1
        CODE             0003-0003              1           2
                         07FE-1FFF            800
        COMMON           0079-007D              5           1
        CONST            0003-0003              1           2
                         07FE-1FFF            100
        EEDATA           2100-21FF            100           2
        ENTRY            0003-0003              1           2
                         07FE-1FFF            100
        IDLOC            2000-2003              4           2
        RAM              0042-006F             2E           1
                         00D2-00EF             1E
                         0110-016F             60
                         0190-01EF             60
        SFR0             0000-001F             20           1
        SFR1             0080-009F             20           1
        SFR2             0100-010F             10           1
        SFR3             0180-018F             10           1
        STRCODE          0003-0003              1           2
                         07FE-1FFF           1802
        STRING           0003-0003              1           2
                         07FE-1FFF            100

                                  Symbol Table

??___lwdiv            cstackCOMMON 0075
??___lwmod            cstackCOMMON 0075
??_delay              cstackCOMMON 0077
??_gps_init           cstackCOMMON 0075
??_gps_send           cstackBANK0  003D
??_gsm_command        cstackCOMMON 0075
??_lcd_cmd            cstackBANK0  0037
??_lcd_data           cstackBANK0  0037
??_lcd_display        cstackCOMMON 0077
??_lcd_init           cstackCOMMON 0077
??_main               cstackBANK0  003E
??_rcx                cstackCOMMON 0070
??_serial             cstackBANK0  0037
??_sms1               cstackBANK0  003A
??_txs                cstackCOMMON 0075
?___lwdiv             cstackBANK0  0037
?___lwmod             cstackBANK0  0037
?_delay               cstackCOMMON 0075
?_gps_init            cstackCOMMON 0070
?_gps_send            cstackCOMMON 0070
?_gsm_command         cstackCOMMON 0070
?_lcd_cmd             cstackCOMMON 0070
?_lcd_data            cstackCOMMON 0070
?_lcd_display         cstackCOMMON 0070
?_lcd_init            cstackCOMMON 0070
?_main                cstackCOMMON 0070
?_rcx                 cstackCOMMON 0070
?_serial              cstackCOMMON 0070
?_sms1                cstackCOMMON 0070
?_txs                 cstackCOMMON 0070
_ADCON0               (abs)        001F
_ADCON1               (abs)        009F
_ADON                 (abs)        00F8
_ADRESH               (abs)        001E
_ADRESL               (abs)        009E
_BRGH                 (abs)        04C2
_CHS0                 (abs)        00FB
_CHS1                 (abs)        00FC
_CHS2                 (abs)        00FD
_GIE                  (abs)        005F
_OERR                 (abs)        00C1
_PEIE                 (abs)        005E
_PORTA                (abs)        0005
_PORTB                (abs)        0006
_PORTC                (abs)        0007
_PORTD                (abs)        0008
_RCIE                 (abs)        0465
_RCIF                 (abs)        0065
_RCREG                (abs)        001A
_RCSTA                (abs)        0018
_RD1                  (abs)        0041
_RD2                  (abs)        0042
_RD3                  (abs)        0043
_SPBRG                (abs)        0099
_TRISA                (abs)        0085
_TRISB                (abs)        0086
_TRISC                (abs)        0087
_TRISD                (abs)        0088
_TXIF                 (abs)        0064
_TXREG                (abs)        0019
_TXSTA                (abs)        0098
__Habs1               abs1         0000
__Hbank0              bank0        0000
__Hbank1              bank1        0000
__Hbank2              bank2        0000
__Hbank3              bank3        0000
__HbssBANK0           bssBANK0     0000
__HbssBANK1           bssBANK1     0000
__HbssCOMMON          bssCOMMON    0000
__Hcinit              cinit        0000
__Hclrtext            clrtext      0000
__Hcode               code         0000
__Hcommon             common       0000
__Hconfig             config       2008
__HcstackBANK0        cstackBANK0  0000
__HcstackCOMMON       cstackCOMMON 0000
__HdataBANK0          dataBANK0    0000
__Heeprom_data        eeprom_data  0000
__Hend_init           end_init     0013
__Hfunctab            functab      0000
__HidataBANK0         idataBANK0   0000
__Hidloc              idloc        0000
__Hinit               init         0010
__Hintentry           intentry     0010
__Hmaintext           maintext     0000
__Hpowerup            powerup      0000
__Hram                ram          0000
__Hreset_vec          reset_vec    0003
__Hsfr0               sfr0         0000
__Hsfr1               sfr1         0000
__Hsfr2               sfr2         0000
__Hsfr3               sfr3         0000
__Hstrings            strings      0000
__Htext               text         0000
__Labs1               abs1         0000
__Lbank0              bank0        0000
__Lbank1              bank1        0000
__Lbank2              bank2        0000
__Lbank3              bank3        0000
__LbssBANK0           bssBANK0     0000
__LbssBANK1           bssBANK1     0000
__LbssCOMMON          bssCOMMON    0000
__Lcinit              cinit        0000
__Lclrtext            clrtext      0000
__Lcode               code         0000
__Lcommon             common       0000
__Lconfig             config       2007
__LcstackBANK0        cstackBANK0  0000
__LcstackCOMMON       cstackCOMMON 0000
__LdataBANK0          dataBANK0    0000
__Leeprom_data        eeprom_data  0000
__Lend_init           end_init     0010
__Lfunctab            functab      0000
__LidataBANK0         idataBANK0   0000
__Lidloc              idloc        0000
__Linit               init         0010
__Lintentry           intentry     0004
__Lmaintext           maintext     0000
__Lpowerup            powerup      0000
__Lram                ram          0000
__Lreset_vec          reset_vec    0000
__Lsfr0               sfr0         0000
__Lsfr1               sfr1         0000
__Lsfr2               sfr2         0000
__Lsfr3               sfr3         0000
__Lstrings            strings      0000
__Ltext               text         0000
__S0                  (abs)        2008
__S1                  (abs)        00D2
__S2                  (abs)        0000
___lwdiv              text516      05B9
___lwdiv@counter      cstackBANK0  003B
___lwdiv@dividend     cstackBANK0  0039
___lwdiv@divisor      cstackBANK0  0037
___lwdiv@quotient     cstackBANK0  003C
___lwmod              text515      064D
___lwmod@counter      cstackCOMMON 0076
___lwmod@dividend     cstackBANK0  0039
___lwmod@divisor      cstackBANK0  0037
__end_of___lwdiv      text516      0604
__end_of___lwmod      text515      068C
__end_of_delay        text520      07D7
__end_of_gps_init     text519      07E8
__end_of_gps_send     text508      05B9
__end_of_gsm_command  text518      077D
__end_of_lcd_cmd      text514      06F8
__end_of_lcd_data     text513      06C2
__end_of_lcd_display  text511      0752
__end_of_lcd_init     text510      07A2
__end_of_main         maintext     033D
__end_of_rcx          text521      064D
__end_of_serial       text512      0727
__end_of_sms1         text509      04B1
__end_of_txs          text517      07F4
__pbssBANK0           bssBANK0     0020
__pbssBANK1           bssBANK1     00A0
__pbssCOMMON          bssCOMMON    0077
__pcstackBANK0        cstackBANK0  0037
__pcstackCOMMON       cstackCOMMON 0070
__pdataBANK0          dataBANK0    0040
__pidataBANK0         idataBANK0   07FC
__pintentry           intentry     0004
__pmaintext           maintext     004B
__pstrings            strings      0013
__ptext508            text508      04B1
__ptext509            text509      033D
__ptext510            text510      077D
__ptext511            text511      0727
__ptext512            text512      06F8
__ptext513            text513      068C
__ptext514            text514      06C2
__ptext515            text515      064D
__ptext516            text516      05B9
__ptext517            text517      07E8
__ptext518            text518      0752
__ptext519            text519      07D7
__ptext520            text520      07C5
__ptext521            text521      0604
__ptext522            text522      0000
__size_of___lwdiv     (abs)        0000
__size_of___lwmod     (abs)        0000
__size_of_delay       (abs)        0000
__size_of_gps_init    (abs)        0000
__size_of_gps_send    (abs)        0000
__size_of_gsm_command (abs)        0000
__size_of_lcd_cmd     (abs)        0000
__size_of_lcd_data    (abs)        0000
__size_of_lcd_display (abs)        0000
__size_of_lcd_init    (abs)        0000
__size_of_main        (abs)        0000
__size_of_rcx         (abs)        0000
__size_of_serial      (abs)        0000
__size_of_sms1        (abs)        0000
__size_of_txs         (abs)        0000
_a                    bssBANK0     0020
_b                    bssBANK0     0022
_c                    bssBANK0     0024
_d                    bssBANK0     0026
_data_cap             bssBANK0     0036
_delay                text520      07C5
_e                    bssBANK0     0028
_exit                 init         0010
_f                    bssBANK0     002A
_gps_init             text519      07D7
_gps_send             text508      04B1
_gpsdata              bssBANK1     00A0
_gsm_command          text518      0752
_i                    bssBANK0     002C
_j                    bssBANK0     002E
_lcd_cmd              text514      06C2
_lcd_data             text513      068C
_lcd_display          text511      0727
_lcd_init             text510      077D
_main                 maintext     004B
_rcx                  text521      0604
_ser                  dataBANK0    0040
_serial               text512      06F8
_sms1                 text509      033D
_st                   dataBANK0    0041
_temp                 bssCOMMON    0077
_temp1                bssBANK0     0030
_txs                  text517      07E8
_y                    bssBANK0     0032
_z                    bssBANK0     0034
btemp                 (abs)        007E
clear_ram             clrtext      07F4
delay@x               cstackCOMMON 0075
end_of_initialization cinit        07C1
gsm_command@da        cstackBANK0  0037
gsm_command@s         cstackBANK0  0038
interrupt_function    intentry     0004
intlevel0             functab      0000
intlevel1             functab      0000
intlevel2             functab      0000
intlevel3             functab      0000
intlevel4             functab      0000
intlevel5             functab      0000
lcd_cmd@com           cstackBANK0  0039
lcd_data@dat          cstackBANK0  0039
lcd_display@k         cstackBANK0  003B
lcd_display@m         cstackBANK0  003A
reset_vec             reset_vec    0000
saved_w               (abs)        007E
serial@B              cstackBANK0  0039
serial@a              cstackBANK0  0038
start                 init         0010
start_initialization  cinit        07A2
txs@val               cstackCOMMON 0075
wtemp0                (abs)        007E
