HI-TECH Software C Compiler 

Linker command line:

--edf=C:\Program Files (x86)\HI-TECH Software\PICC\9.71a\dat\en_msgs.txt \
  -cs -h+multi sensor on gsm.sym -z -Q16F877A -ol.obj \
  -Mmulti sensor on gsm.map -E1 -ACONST=00h-0FFhx32 -ACODE=00h-07FFhx4 \
  -ASTRCODE=00h-01FFFh -AENTRY=00h-0FFhx32 -ASTRING=00h-0FFhx32 \
  -ABANK0=020h-06Fh -ABANK1=0A0h-0EFh -ABANK2=0110h-016Fh \
  -ABANK3=0190h-01EFh -ARAM=020h-06Fh,0A0h-0EFh,0110h-016Fh,0190h-01EFh \
  -AABS1=020h-07Fh,0A0h-0EFh,0110h-016Fh,0190h-01EFh -ACOMMON=070h-07Fh \
  -ASFR0=00h-01Fh -ASFR1=080h-09Fh -ASFR2=0100h-010Fh -ASFR3=0180h-018Fh \
  -preset_vec=00h,intentry,init,end_init -ppowerup=CODE -pfunctab=CODE \
  -ACONFIG=02007h-02007h -pconfig=CONFIG -DCONFIG=2 -AIDLOC=02000h-02003h \
  -pidloc=IDLOC -DIDLOC=2 -AEEDATA=00h-0FFh/02100h -peeprom_data=EEDATA \
  -DEEDATA=2 -DCODE=2 -DSTRCODE=2 -DSTRING=2 -DCONST=2 -DENTRY=2 -k \
  startup.obj multi sensor on gsm.obj 

Object code version is 3.10

Machine type is 16F877A



                Name                               Link     Load   Length Selector   Space Scale
startup.obj     end_init                              0        0        3        0       0
multi sensor on gsm.obj
                config                             2007     2007        1     400E       0
                text323                              5A       5A       12       B4       0
                text322                             C6C      C6C       2B     18D8       0
                text321                             C03      C03        C     1806       0
                text320                              A9       A9       49      152       0
                text319                              6C       6C       3D       D8       0
                text318                             CC4      CC4       36     1988       0
                text317                             CFA      CFA       36     19F4       0
                text316                             D30      D30      168     1A60       0
                text315                             E98      E98      168     1D30       0
                text314                              F2       F2      168      1E4       0
                text313                             C97      C97       2D     192E       0
                text312                             C45      C45       27     188A       0
                text311                             C20      C20       25     1840       0
                maintext                            25A      25A      5A6      4B4       0
                cstackCOMMON                         70       70        A       70       1
                clrtext                              52       52        8       A4       0
                bssBANK0                             20       20       46       20       1
                bssCOMMON                            7A       7A        4       70       1
                cinit                               C0F      C0F       11     181E       0
                strings                               3        3       4E        6       0

TOTAL           Name                               Link     Load   Length     Space
        CLASS   CONST          

        CLASS   CODE           
                end_init                              0        0        3         0
                text323                              5A       5A       12         0
                text322                             C6C      C6C       2B         0
                text321                             C03      C03        C         0
                text320                              A9       A9       49         0
                text319                              6C       6C       3D         0
                text318                             CC4      CC4       36         0
                text317                             CFA      CFA       36         0
                text316                             D30      D30      168         0
                text315                             E98      E98      168         0
                text314                              F2       F2      168         0
                text313                             C97      C97       2D         0
                text312                             C45      C45       27         0
                text311                             C20      C20       25         0
                maintext                            25A      25A      5A6         0
                clrtext                              52       52        8         0
                cinit                               C0F      C0F       11         0

        CLASS   STRCODE        

        CLASS   ENTRY          

        CLASS   STRING         
                strings                               3        3       4E         0

        CLASS   BANK0          
                bssBANK0                             20       20       46         1

        CLASS   BANK1          

        CLASS   BANK2          

        CLASS   BANK3          

        CLASS   RAM            

        CLASS   ABS1           
                abs_s1                               7E       7E        2         1

        CLASS   COMMON         
                cstackCOMMON                         70       70        A         1
                bssCOMMON                            7A       7A        4         1

        CLASS   SFR0           

        CLASS   SFR1           

        CLASS   SFR2           

        CLASS   SFR3           

        CLASS   CONFIG         
                config                             2007     2007        1         0

        CLASS   IDLOC          

        CLASS   EEDATA         



SEGMENTS        Name                           Load    Length   Top    Selector   Space  Class     Delta

                reset_vec                      000000  000003  000003         0       0  CODE        2
                strings                        000003  00004E  000051         6       0  STRING      2
                bssBANK0                       000020  000046  000066        20       1  BANK0       1
                cstackCOMMON                   000070  00000E  00007E        70       1  COMMON      1
                clrtext                        000052  000008  00005A        A4       0  CODE        2
                text323                        00005A  000012  00006C        B4       0  CODE        2
                text319                        00006C  00003D  0000A9        D8       0  CODE        2
                text320                        0000A9  000049  0000F2       152       0  CODE        2
                text314                        0000F2  000168  00025A       1E4       0  CODE        2
                maintext                       00025A  0005A6  000800       4B4       0  CODE        2
                text321                        000C03  00000C  000C0F      1806       0  CODE        2
                cinit                          000C0F  000011  000C20      181E       0  CODE        2
                text311                        000C20  000025  000C45      1840       0  CODE        2
                text312                        000C45  000027  000C6C      188A       0  CODE        2
                text322                        000C6C  00002B  000C97      18D8       0  CODE        2
                text313                        000C97  00002D  000CC4      192E       0  CODE        2
                text318                        000CC4  000036  000CFA      1988       0  CODE        2
                text317                        000CFA  000036  000D30      19F4       0  CODE        2
                text316                        000D30  000168  000E98      1A60       0  CODE        2
                text315                        000E98  000168  001000      1D30       0  CODE        2
                config                         002007  000001  002008      400E       0  CONFIG      2


UNUSED ADDRESS RANGES

        Name                Unused          Largest block    Delta
        BANK0            0066-006F              A           1
        BANK1            00A0-00EF             50           1
        BANK2            0110-016F             60           1
        BANK3            0190-01EF             60           1
        CODE             0051-0051              1           2
                         0800-0C02            403
                         1000-1FFF            800
        CONST            0051-0051              1           2
                         0800-0C02            100
                         1000-1FFF            100
        EEDATA           2100-21FF            100           2
        ENTRY            0051-0051              1           2
                         0800-0C02            100
                         1000-1FFF            100
        IDLOC            2000-2003              4           2
        RAM              0066-006F              A           1
                         00A0-00EF             50
                         0110-016F             60
                         0190-01EF             60
        SFR0             0000-001F             20           1
        SFR1             0080-009F             20           1
        SFR2             0100-010F             10           1
        SFR3             0180-018F             10           1
        STRCODE          0051-0051              1           2
                         0800-0C02            403
                         1000-1FFF           1000
        STRING           0051-0051              1           2
                         0800-0C02            100
                         1000-1FFF            100

                                  Symbol Table

??___lwdiv            cstackCOMMON 0074
??___lwmod            cstackCOMMON 0074
??_delay              cstackCOMMON 0072
??_gsm_command        cstackCOMMON 0070
??_lcd_cmd            cstackCOMMON 0072
??_lcd_data           cstackCOMMON 0072
??_lcd_display        cstackCOMMON 0075
??_lcd_init           cstackCOMMON 0075
??_main               cstackCOMMON 0078
??_serial             cstackCOMMON 0072
??_sms1               cstackCOMMON 0073
??_sms2               cstackCOMMON 0073
??_sms3               cstackCOMMON 0073
??_txs                cstackCOMMON 0070
?___lwdiv             cstackCOMMON 0070
?___lwmod             cstackCOMMON 0070
?_delay               cstackCOMMON 0070
?_gsm_command         cstackCOMMON 0070
?_lcd_cmd             cstackCOMMON 0070
?_lcd_data            cstackCOMMON 0070
?_lcd_display         cstackCOMMON 0070
?_lcd_init            cstackCOMMON 0070
?_main                cstackCOMMON 0070
?_serial              cstackCOMMON 0070
?_sms1                cstackCOMMON 0070
?_sms2                cstackCOMMON 0070
?_sms3                cstackCOMMON 0070
?_txs                 cstackCOMMON 0070
_ADCON0               (abs)        001F
_ADCON1               (abs)        009F
_ADON                 (abs)        00F8
_ADRESH               (abs)        001E
_ADRESL               (abs)        009E
_CHS0                 (abs)        00FB
_CHS1                 (abs)        00FC
_CHS2                 (abs)        00FD
_GIE                  (abs)        005F
_OERR                 (abs)        00C1
_PEIE                 (abs)        005E
_PORTA                (abs)        0005
_PORTB                (abs)        0006
_PORTC                (abs)        0007
_PORTD                (abs)        0008
_RCSTA                (abs)        0018
_RD1                  (abs)        0041
_RD2                  (abs)        0042
_RD3                  (abs)        0043
_SPBRG                (abs)        0099
_T                    bssBANK0     0020
_TRISA                (abs)        0085
_TRISB                (abs)        0086
_TRISC                (abs)        0087
_TRISD                (abs)        0088
_TXIF                 (abs)        0064
_TXREG                (abs)        0019
_TXSTA                (abs)        0098
_W                    bssBANK0     0022
__Habs1               abs1         0000
__Hbank0              bank0        0000
__Hbank1              bank1        0000
__Hbank2              bank2        0000
__Hbank3              bank3        0000
__HbssBANK0           bssBANK0     0000
__HbssCOMMON          bssCOMMON    0000
__Hcinit              cinit        0000
__Hclrtext            clrtext      0000
__Hcode               code         0000
__Hcommon             common       0000
__Hconfig             config       2008
__HcstackCOMMON       cstackCOMMON 0000
__Heeprom_data        eeprom_data  0000
__Hend_init           end_init     0003
__Hfunctab            functab      0000
__Hidloc              idloc        0000
__Hinit               init         0000
__Hintentry           intentry     0000
__Hmaintext           maintext     0000
__Hpowerup            powerup      0000
__Hram                ram          0000
__Hreset_vec          reset_vec    0000
__Hsfr0               sfr0         0000
__Hsfr1               sfr1         0000
__Hsfr2               sfr2         0000
__Hsfr3               sfr3         0000
__Hstrings            strings      0000
__Htext               text         0000
__Labs1               abs1         0000
__Lbank0              bank0        0000
__Lbank1              bank1        0000
__Lbank2              bank2        0000
__Lbank3              bank3        0000
__LbssBANK0           bssBANK0     0000
__LbssCOMMON          bssCOMMON    0000
__Lcinit              cinit        0000
__Lclrtext            clrtext      0000
__Lcode               code         0000
__Lcommon             common       0000
__Lconfig             config       2007
__LcstackCOMMON       cstackCOMMON 0000
__Leeprom_data        eeprom_data  0000
__Lend_init           end_init     0000
__Lfunctab            functab      0000
__Lidloc              idloc        0000
__Linit               init         0000
__Lintentry           intentry     0000
__Lmaintext           maintext     0000
__Lpowerup            powerup      0000
__Lram                ram          0000
__Lreset_vec          reset_vec    0000
__Lsfr0               sfr0         0000
__Lsfr1               sfr1         0000
__Lsfr2               sfr2         0000
__Lsfr3               sfr3         0000
__Lstrings            strings      0000
__Ltext               text         0000
__S0                  (abs)        2008
__S1                  (abs)        007E
__S2                  (abs)        0000
___lwdiv              text320      00A9
___lwdiv@counter      cstackCOMMON 0077
___lwdiv@dividend     cstackCOMMON 0072
___lwdiv@divisor      cstackCOMMON 0070
___lwdiv@quotient     cstackCOMMON 0075
___lwmod              text319      006C
___lwmod@counter      cstackCOMMON 0075
___lwmod@dividend     cstackCOMMON 0072
___lwmod@divisor      cstackCOMMON 0070
__end_of___lwdiv      text320      00F2
__end_of___lwmod      text319      00A9
__end_of_delay        text323      006C
__end_of_gsm_command  text322      0C97
__end_of_lcd_cmd      text318      0CFA
__end_of_lcd_data     text317      0D30
__end_of_lcd_display  text312      0C6C
__end_of_lcd_init     text311      0C45
__end_of_main         maintext     0800
__end_of_serial       text313      0CC4
__end_of_sms1         text316      0E98
__end_of_sms2         text315      1000
__end_of_sms3         text314      025A
__end_of_txs          text321      0C0F
__pbssBANK0           bssBANK0     0020
__pbssCOMMON          bssCOMMON    007A
__pcstackCOMMON       cstackCOMMON 0070
__pmaintext           maintext     025A
__pstrings            strings      0003
__ptext310            text310      0000
__ptext311            text311      0C20
__ptext312            text312      0C45
__ptext313            text313      0C97
__ptext314            text314      00F2
__ptext315            text315      0E98
__ptext316            text316      0D30
__ptext317            text317      0CFA
__ptext318            text318      0CC4
__ptext319            text319      006C
__ptext320            text320      00A9
__ptext321            text321      0C03
__ptext322            text322      0C6C
__ptext323            text323      005A
__ptext324            text324      0000
__size_of___lwdiv     (abs)        0000
__size_of___lwmod     (abs)        0000
__size_of_delay       (abs)        0000
__size_of_gsm_command (abs)        0000
__size_of_lcd_cmd     (abs)        0000
__size_of_lcd_data    (abs)        0000
__size_of_lcd_display (abs)        0000
__size_of_lcd_init    (abs)        0000
__size_of_main        (abs)        0000
__size_of_serial      (abs)        0000
__size_of_sms1        (abs)        0000
__size_of_sms2        (abs)        0000
__size_of_sms3        (abs)        0000
__size_of_txs         (abs)        0000
_a                    bssBANK0     0024
_a1                   bssBANK0     0026
_a2                   bssBANK0     0028
_a3                   bssBANK0     002A
_b                    bssBANK0     002C
_b1                   bssBANK0     002E
_b2                   bssBANK0     0030
_b3                   bssBANK0     0032
_c                    bssBANK0     0034
_c1                   bssBANK0     0036
_c2                   bssBANK0     0038
_c3                   bssBANK0     003A
_d                    bssBANK0     003C
_d1                   bssBANK0     003E
_d2                   bssBANK0     0040
_d3                   bssBANK0     0042
_delay                text323      005A
_e                    bssBANK0     0044
_e1                   bssBANK0     0046
_e2                   bssBANK0     0048
_e3                   bssBANK0     004A
_exit                 init         0000
_f                    bssBANK0     004C
_f1                   bssBANK0     004E
_f2                   bssBANK0     0050
_f3                   bssBANK0     0052
_gsm_command          text322      0C6C
_i                    bssBANK0     0054
_j                    bssBANK0     0056
_lcd_cmd              text318      0CC4
_lcd_data             text317      0CFA
_lcd_display          text312      0C45
_lcd_init             text311      0C20
_main                 maintext     025A
_q                    bssBANK0     0058
_r                    bssBANK0     005A
_serial               text313      0C97
_sms1                 text316      0D30
_sms2                 text315      0E98
_sms3                 text314      00F2
_temp                 bssBANK0     005C
_temp1                bssCOMMON    007A
_temp2                bssCOMMON    007C
_temp3                bssBANK0     005E
_temp4                bssBANK0     0060
_txs                  text321      0C03
_v                    bssBANK0     0062
_w1                   bssBANK0     0064
btemp                 (abs)        007E
clear_ram             clrtext      0052
delay@a               cstackCOMMON 0070
end_of_initialization cinit        0C1C
gsm_command@da        cstackCOMMON 0070
gsm_command@s         cstackCOMMON 0071
intlevel0             functab      0000
intlevel1             functab      0000
intlevel2             functab      0000
intlevel3             functab      0000
intlevel4             functab      0000
intlevel5             functab      0000
lcd_cmd@com           cstackCOMMON 0074
lcd_data@dat          cstackCOMMON 0074
lcd_display@k         cstackCOMMON 0076
lcd_display@m         cstackCOMMON 0075
reset_vec             reset_vec    0000
serial@a              cstackCOMMON 0073
serial@i              cstackCOMMON 0074
start                 init         0000
start_initialization  cinit        0C0F
txs@val               cstackCOMMON 0070
wtemp0                (abs)        007E
