HI-TECH Software C Compiler 

Linker command line:

--edf=C:\Program Files (x86)\HI-TECH Software\PICC\9.71a\dat\en_msgs.txt \
  -cs -h+gps coading.sym -z -Q16F877A -ol.obj -Mgps coading.map -E1 \
  -ACONST=00h-0FFhx32 -ACODE=00h-07FFhx4 -ASTRCODE=00h-01FFFh \
  -AENTRY=00h-0FFhx32 -ASTRING=00h-0FFhx32 -ABANK0=020h-06Fh \
  -ABANK1=0A0h-0EFh -ABANK2=0110h-016Fh -ABANK3=0190h-01EFh \
  -ARAM=020h-06Fh,0A0h-0EFh,0110h-016Fh,0190h-01EFh \
  -AABS1=020h-07Fh,0A0h-0EFh,0110h-016Fh,0190h-01EFh -ACOMMON=070h-07Fh \
  -ASFR0=00h-01Fh -ASFR1=080h-09Fh -ASFR2=0100h-010Fh -ASFR3=0180h-018Fh \
  -preset_vec=00h,intentry=04h,init,end_init -ppowerup=CODE -pfunctab=CODE \
  -ACONFIG=02007h-02007h -pconfig=CONFIG -DCONFIG=2 -AIDLOC=02000h-02003h \
  -pidloc=IDLOC -DIDLOC=2 -AEEDATA=00h-0FFh/02100h -peeprom_data=EEDATA \
  -DEEDATA=2 -DCODE=2 -DSTRCODE=2 -DSTRING=2 -DCONST=2 -DENTRY=2 -k \
  startup.obj gps coading.obj 

Object code version is 3.10

Machine type is 16F877A



                Name                               Link     Load   Length Selector   Space Scale
startup.obj     end_init                             10       10        3        8       0
                reset_vec                             0        0        3        0       0
gps coading.obj intentry                              4        4        C        8       0
                config                             2007     2007        1     400E       0
                text459                             3FD      3FD       49       96       0
                text458                             577      577       12       96       0
                text457                             589      589       11       96       0
                text456                             50C      50C       2B       96       0
                text455                             59A      59A        C       96       0
                text454                             47C      47C       36       96       0
                text453                             446      446       36       96       0
                text452                             4B2      4B2       2F       96       0
                text451                             4E1      4E1       2B       96       0
                text450                             537      537       25       96       0
                text449                              4B       4B      174       96       0
                text448                             2F5      2F5      108       96       0
                maintext                            1BF      1BF      136       96       0
                cstackBANK0                          57       57        7       20       1
                cstackCOMMON                         70       70        7       70       1
                clrtext                             5A6      5A6        8       96       0
                dataBANK0                            5E       5E        2       20       1
                bssBANK0                             20       20       37       20       1
                bssCOMMON                            77       77        2       70       1
                cinit                               55C      55C       1B       96       0
                strings                              13       13       38       26       0
                idataBANK0                          5AE      5AE        2       96       0

TOTAL           Name                               Link     Load   Length     Space
        CLASS   CONST          

        CLASS   CODE           
                end_init                             10       10        3         0
                intentry                              4        4        C         0
                reset_vec                             0        0        3         0
                text459                             3FD      3FD       49         0
                text458                             577      577       12         0
                text457                             589      589       11         0
                text456                             50C      50C       2B         0
                text455                             59A      59A        C         0
                text454                             47C      47C       36         0
                text453                             446      446       36         0
                text452                             4B2      4B2       2F         0
                text451                             4E1      4E1       2B         0
                text450                             537      537       25         0
                text449                              4B       4B      174         0
                text448                             2F5      2F5      108         0
                maintext                            1BF      1BF      136         0
                clrtext                             5A6      5A6        8         0
                cinit                               55C      55C       1B         0
                idataBANK0                          5AE      5AE        2         0

        CLASS   STRCODE        

        CLASS   ENTRY          

        CLASS   STRING         
                strings                              13       13       38         0

        CLASS   BANK0          
                cstackBANK0                          57       57        7         1
                dataBANK0                            5E       5E        2         1
                bssBANK0                             20       20       37         1

        CLASS   BANK1          

        CLASS   BANK2          

        CLASS   BANK3          

        CLASS   RAM            

        CLASS   ABS1           
                abs_s1                               7E       7E        2         1

        CLASS   COMMON         
                cstackCOMMON                         70       70        7         1
                bssCOMMON                            77       77        2         1

        CLASS   SFR0           

        CLASS   SFR1           

        CLASS   SFR2           

        CLASS   SFR3           

        CLASS   CONFIG         
                config                             2007     2007        1         0

        CLASS   IDLOC          

        CLASS   EEDATA         



SEGMENTS        Name                           Load    Length   Top    Selector   Space  Class     Delta

                reset_vec                      000000  000003  000003         0       0  CODE        2
                intentry                       000004  00000F  000013         8       0  CODE        2
                bssBANK0                       000020  000040  000060        20       1  BANK0       1
                strings                        000013  000038  00004B        26       0  STRING      2
                cstackCOMMON                   000070  000009  000079        70       1  COMMON      1
                text449                        00004B  000565  0005B0        96       0  CODE        2
                config                         002007  000001  002008      400E       0  CONFIG      2


UNUSED ADDRESS RANGES

        Name                Unused          Largest block    Delta
        BANK0            0060-006F             10           1
        BANK1            00A0-00EF             50           1
        BANK2            0110-016F             60           1
        BANK3            0190-01EF             60           1
        CODE             0003-0003              1           2
                         05B0-1FFF            800
        COMMON           0079-007D              5           1
        CONST            0003-0003              1           2
                         05B0-1FFF            100
        EEDATA           2100-21FF            100           2
        ENTRY            0003-0003              1           2
                         05B0-1FFF            100
        IDLOC            2000-2003              4           2
        RAM              0060-006F             10           1
                         00A0-00EF             50
                         0110-016F             60
                         0190-01EF             60
        SFR0             0000-001F             20           1
        SFR1             0080-009F             20           1
        SFR2             0100-010F             10           1
        SFR3             0180-018F             10           1
        STRCODE          0003-0003              1           2
                         05B0-1FFF           1A50
        STRING           0003-0003              1           2
                         05B0-1FFF            100

                                  Symbol Table

??_delay              cstackCOMMON 0077
??_gps_init           cstackCOMMON 0075
??_gps_send           cstackBANK0  005D
??_gsm_command        cstackCOMMON 0075
??_lcd_cmd            cstackBANK0  0057
??_lcd_data           cstackBANK0  0057
??_lcd_display        cstackCOMMON 0077
??_lcd_init           cstackCOMMON 0077
??_main               cstackCOMMON 0077
??_rcx                cstackCOMMON 0070
??_serial             cstackBANK0  0057
??_sms1               cstackBANK0  005A
??_txs                cstackCOMMON 0075
?_delay               cstackCOMMON 0075
?_gps_init            cstackCOMMON 0070
?_gps_send            cstackCOMMON 0070
?_gsm_command         cstackCOMMON 0070
?_lcd_cmd             cstackCOMMON 0070
?_lcd_data            cstackCOMMON 0070
?_lcd_display         cstackCOMMON 0070
?_lcd_init            cstackCOMMON 0070
?_main                cstackCOMMON 0070
?_rcx                 cstackCOMMON 0070
?_serial              cstackCOMMON 0070
?_sms1                cstackCOMMON 0070
?_txs                 cstackCOMMON 0070
_BRGH                 (abs)        04C2
_GIE                  (abs)        005F
_OERR                 (abs)        00C1
_PEIE                 (abs)        005E
_PORTB                (abs)        0006
_PORTC                (abs)        0007
_PORTD                (abs)        0008
_RB0                  (abs)        0030
_RCIE                 (abs)        0465
_RCIF                 (abs)        0065
_RCREG                (abs)        001A
_RCSTA                (abs)        0018
_RD1                  (abs)        0041
_RD2                  (abs)        0042
_RD3                  (abs)        0043
_SPBRG                (abs)        0099
_TRISB                (abs)        0086
_TRISC                (abs)        0087
_TRISD                (abs)        0088
_TXIF                 (abs)        0064
_TXREG                (abs)        0019
_TXSTA                (abs)        0098
__Habs1               abs1         0000
__Hbank0              bank0        0000
__Hbank1              bank1        0000
__Hbank2              bank2        0000
__Hbank3              bank3        0000
__HbssBANK0           bssBANK0     0000
__HbssCOMMON          bssCOMMON    0000
__Hcinit              cinit        0000
__Hclrtext            clrtext      0000
__Hcode               code         0000
__Hcommon             common       0000
__Hconfig             config       2008
__HcstackBANK0        cstackBANK0  0000
__HcstackCOMMON       cstackCOMMON 0000
__HdataBANK0          dataBANK0    0000
__Heeprom_data        eeprom_data  0000
__Hend_init           end_init     0013
__Hfunctab            functab      0000
__HidataBANK0         idataBANK0   0000
__Hidloc              idloc        0000
__Hinit               init         0010
__Hintentry           intentry     0010
__Hmaintext           maintext     0000
__Hpowerup            powerup      0000
__Hram                ram          0000
__Hreset_vec          reset_vec    0003
__Hsfr0               sfr0         0000
__Hsfr1               sfr1         0000
__Hsfr2               sfr2         0000
__Hsfr3               sfr3         0000
__Hstrings            strings      0000
__Htext               text         0000
__Labs1               abs1         0000
__Lbank0              bank0        0000
__Lbank1              bank1        0000
__Lbank2              bank2        0000
__Lbank3              bank3        0000
__LbssBANK0           bssBANK0     0000
__LbssCOMMON          bssCOMMON    0000
__Lcinit              cinit        0000
__Lclrtext            clrtext      0000
__Lcode               code         0000
__Lcommon             common       0000
__Lconfig             config       2007
__LcstackBANK0        cstackBANK0  0000
__LcstackCOMMON       cstackCOMMON 0000
__LdataBANK0          dataBANK0    0000
__Leeprom_data        eeprom_data  0000
__Lend_init           end_init     0010
__Lfunctab            functab      0000
__LidataBANK0         idataBANK0   0000
__Lidloc              idloc        0000
__Linit               init         0010
__Lintentry           intentry     0004
__Lmaintext           maintext     0000
__Lpowerup            powerup      0000
__Lram                ram          0000
__Lreset_vec          reset_vec    0000
__Lsfr0               sfr0         0000
__Lsfr1               sfr1         0000
__Lsfr2               sfr2         0000
__Lsfr3               sfr3         0000
__Lstrings            strings      0000
__Ltext               text         0000
__S0                  (abs)        2008
__S1                  (abs)        0079
__S2                  (abs)        0000
__end_of_delay        text458      0589
__end_of_gps_init     text457      059A
__end_of_gps_send     text448      03FD
__end_of_gsm_command  text456      0537
__end_of_lcd_cmd      text454      04B2
__end_of_lcd_data     text453      047C
__end_of_lcd_display  text451      050C
__end_of_lcd_init     text450      055C
__end_of_main         maintext     02F5
__end_of_rcx          text459      0446
__end_of_serial       text452      04E1
__end_of_sms1         text449      01BF
__end_of_txs          text455      05A6
__pbssBANK0           bssBANK0     0020
__pbssCOMMON          bssCOMMON    0077
__pcstackBANK0        cstackBANK0  0057
__pcstackCOMMON       cstackCOMMON 0070
__pdataBANK0          dataBANK0    005E
__pidataBANK0         idataBANK0   05AE
__pintentry           intentry     0004
__pmaintext           maintext     01BF
__pstrings            strings      0013
__ptext448            text448      02F5
__ptext449            text449      004B
__ptext450            text450      0537
__ptext451            text451      04E1
__ptext452            text452      04B2
__ptext453            text453      0446
__ptext454            text454      047C
__ptext455            text455      059A
__ptext456            text456      050C
__ptext457            text457      0589
__ptext458            text458      0577
__ptext459            text459      03FD
__ptext460            text460      0000
__size_of_delay       (abs)        0000
__size_of_gps_init    (abs)        0000
__size_of_gps_send    (abs)        0000
__size_of_gsm_command (abs)        0000
__size_of_lcd_cmd     (abs)        0000
__size_of_lcd_data    (abs)        0000
__size_of_lcd_display (abs)        0000
__size_of_lcd_init    (abs)        0000
__size_of_main        (abs)        0000
__size_of_rcx         (abs)        0000
__size_of_serial      (abs)        0000
__size_of_sms1        (abs)        0000
__size_of_txs         (abs)        0000
_data_cap             bssBANK0     0056
_delay                text458      0577
_exit                 init         0010
_gps_init             text457      0589
_gps_send             text448      02F5
_gpsdata              bssBANK0     0020
_gsm_command          text456      050C
_i                    bssBANK0     0052
_j                    bssBANK0     0054
_lcd_cmd              text454      047C
_lcd_data             text453      0446
_lcd_display          text451      04E1
_lcd_init             text450      0537
_main                 maintext     01BF
_rcx                  text459      03FD
_ser                  dataBANK0    005E
_serial               text452      04B2
_sms1                 text449      004B
_st                   dataBANK0    005F
_temp                 bssCOMMON    0077
_txs                  text455      059A
btemp                 (abs)        007E
clear_ram             clrtext      05A6
delay@x               cstackCOMMON 0075
end_of_initialization cinit        0573
gsm_command@da        cstackBANK0  0057
gsm_command@s         cstackBANK0  0058
interrupt_function    intentry     0004
intlevel0             functab      0000
intlevel1             functab      0000
intlevel2             functab      0000
intlevel3             functab      0000
intlevel4             functab      0000
intlevel5             functab      0000
lcd_cmd@com           cstackBANK0  0059
lcd_data@dat          cstackBANK0  0059
lcd_display@k         cstackBANK0  005B
lcd_display@m         cstackBANK0  005A
reset_vec             reset_vec    0000
saved_w               (abs)        007E
serial@B              cstackBANK0  0059
serial@a              cstackBANK0  0058
start                 init         0010
start_initialization  cinit        055C
txs@val               cstackCOMMON 0075
wtemp0                (abs)        007E
