HI-TECH Software C Compiler 

Linker command line:

--edf=C:\Program Files (x86)\HI-TECH Software\PICC\9.71a\dat\en_msgs.txt \
  -cs -h+traffic light.sym -z -Q16F877A -ol.obj -Mtraffic light.map -E1 \
  -ACONST=00h-0FFhx32 -ACODE=00h-07FFhx4 -ASTRCODE=00h-01FFFh \
  -AENTRY=00h-0FFhx32 -ASTRING=00h-0FFhx32 -ABANK0=020h-06Fh \
  -ABANK1=0A0h-0EFh -ABANK2=0110h-016Fh -ABANK3=0190h-01EFh \
  -ARAM=020h-06Fh,0A0h-0EFh,0110h-016Fh,0190h-01EFh \
  -AABS1=020h-07Fh,0A0h-0EFh,0110h-016Fh,0190h-01EFh -ACOMMON=070h-07Fh \
  -ASFR0=00h-01Fh -ASFR1=080h-09Fh -ASFR2=0100h-010Fh -ASFR3=0180h-018Fh \
  -preset_vec=00h,intentry,init,end_init -ppowerup=CODE -pfunctab=CODE \
  -ACONFIG=02007h-02007h -pconfig=CONFIG -DCONFIG=2 -AIDLOC=02000h-02003h \
  -pidloc=IDLOC -DIDLOC=2 -AEEDATA=00h-0FFh/02100h -peeprom_data=EEDATA \
  -DEEDATA=2 -DCODE=2 -DSTRCODE=2 -DSTRING=2 -DCONST=2 -DENTRY=2 -k \
  startup.obj traffic light.obj 

Object code version is 3.10

Machine type is 16F877A



                Name                               Link     Load   Length Selector   Space Scale
startup.obj     end_init                              0        0        3        0       0
traffic light.obj
                config                             2007     2007        1     400E       0
                text116                             635      635       12      C6A       0
                text115                             647      647       14      C8E       0
                text114                             6EF      6EF       34      DDE       0
                text113                             723      723       34      E46       0
                text112                             699      699       2B      D32       0
                text111                             6C4      6C4       2B      D88       0
                text110                             757      757       36      EAE       0
                maintext                            78D      78D       73      F1A       0
                cstackCOMMON                         70       70        C       70       1
                inittext                            624      624       11      C48       0
                clrtext                             61C      61C        8      C38       0
                bssBANK1                             A0       A0       32       A0       1
                dataBANK0                            49       49       15       20       1
                bssBANK0                             20       20       29       20       1
                dataCOMMON                           7D       7D        1       70       1
                bssCOMMON                            7C       7C        1       70       1
                cinit                               670      670       29      CE0       0
                strings                               3        3        E        6       0
                idataCOMMON                         61B      61B        1      C36       0
                idataBANK0                          65B      65B       15      CB6       0

TOTAL           Name                               Link     Load   Length     Space
        CLASS   CONST          

        CLASS   CODE           
                end_init                              0        0        3         0
                text116                             635      635       12         0
                text115                             647      647       14         0
                text114                             6EF      6EF       34         0
                text113                             723      723       34         0
                text112                             699      699       2B         0
                text111                             6C4      6C4       2B         0
                text110                             757      757       36         0
                maintext                            78D      78D       73         0
                inittext                            624      624       11         0
                clrtext                             61C      61C        8         0
                cinit                               670      670       29         0
                idataCOMMON                         61B      61B        1         0
                idataBANK0                          65B      65B       15         0

        CLASS   STRCODE        

        CLASS   ENTRY          

        CLASS   STRING         
                strings                               3        3        E         0

        CLASS   BANK0          
                dataBANK0                            49       49       15         1
                bssBANK0                             20       20       29         1

        CLASS   BANK1          
                bssBANK1                             A0       A0       32         1

        CLASS   BANK2          

        CLASS   BANK3          

        CLASS   RAM            

        CLASS   ABS1           
                abs_s1                               7E       7E        2         1

        CLASS   COMMON         
                cstackCOMMON                         70       70        C         1
                dataCOMMON                           7D       7D        1         1
                bssCOMMON                            7C       7C        1         1

        CLASS   SFR0           

        CLASS   SFR1           

        CLASS   SFR2           

        CLASS   SFR3           

        CLASS   CONFIG         
                config                             2007     2007        1         0

        CLASS   IDLOC          

        CLASS   EEDATA         



SEGMENTS        Name                           Load    Length   Top    Selector   Space  Class     Delta

                reset_vec                      000000  000003  000003         0       0  CODE        2
                strings                        000003  00000E  000011         6       0  STRING      2
                bssBANK0                       000020  00003E  00005E        20       1  BANK0       1
                cstackCOMMON                   000070  00000E  00007E        70       1  COMMON      1
                bssBANK1                       0000A0  000032  0000D2        A0       1  BANK1       1
                idataCOMMON                    00061B  000001  00061C       C36       0  CODE        2
                clrtext                        00061C  000008  000624       C38       0  CODE        2
                inittext                       000624  000011  000635       C48       0  CODE        2
                text116                        000635  000012  000647       C6A       0  CODE        2
                text115                        000647  000014  00065B       C8E       0  CODE        2
                idataBANK0                     00065B  000015  000670       CB6       0  CODE        2
                cinit                          000670  000029  000699       CE0       0  CODE        2
                text112                        000699  00002B  0006C4       D32       0  CODE        2
                text111                        0006C4  00002B  0006EF       D88       0  CODE        2
                text114                        0006EF  000034  000723       DDE       0  CODE        2
                text113                        000723  000034  000757       E46       0  CODE        2
                text110                        000757  000036  00078D       EAE       0  CODE        2
                maintext                       00078D  000073  000800       F1A       0  CODE        2
                config                         002007  000001  002008      400E       0  CONFIG      2


UNUSED ADDRESS RANGES

        Name                Unused          Largest block    Delta
        BANK0            005E-006F             12           1
        BANK1            00D2-00EF             1E           1
        BANK2            0110-016F             60           1
        BANK3            0190-01EF             60           1
        CODE             0011-061A            60A           2
                         0800-1FFF            800
        CONST            0011-061A            100           2
                         0800-1FFF            100
        EEDATA           2100-21FF            100           2
        ENTRY            0011-061A            100           2
                         0800-1FFF            100
        IDLOC            2000-2003              4           2
        RAM              005E-006F             12           1
                         00D2-00EF             1E
                         0110-016F             60
                         0190-01EF             60
        SFR0             0000-001F             20           1
        SFR1             0080-009F             20           1
        SFR2             0100-010F             10           1
        SFR3             0180-018F             10           1
        STRCODE          0011-061A            60A           2
                         0800-1FFF           1800
        STRING           0011-061A            100           2
                         0800-1FFF            100

                                  Symbol Table

??_delay              cstackCOMMON 0070
??_delay1             cstackCOMMON 0070
??_delay2             cstackCOMMON 0070
??_delay4             cstackCOMMON 0072
??_lcd_command        cstackCOMMON 0074
??_lcd_data           cstackCOMMON 0074
??_lcd_display        cstackCOMMON 0077
??_main               cstackCOMMON 007C
?_delay               cstackCOMMON 0070
?_delay1              cstackCOMMON 0070
?_delay2              cstackCOMMON 0070
?_delay4              cstackCOMMON 0070
?_lcd_command         cstackCOMMON 0072
?_lcd_data            cstackCOMMON 0072
?_lcd_display         cstackCOMMON 0070
?_main                cstackCOMMON 0070
_F                    bssBANK0     0034
_PORTB                (abs)        0006
_PORTC                (abs)        0007
_PORTD                (abs)        0008
_PS0                  (abs)        0408
_PS1                  (abs)        0409
_PS2                  (abs)        040A
_PSA                  (abs)        040B
_RD1                  (abs)        0041
_RD2                  (abs)        0042
_RD3                  (abs)        0043
_T                    bssBANK0     0036
_T0CS                 (abs)        040D
_T0IF                 (abs)        005A
_T0SE                 (abs)        040C
_TMR0                 (abs)        0001
_TRISB                (abs)        0086
_TRISC                (abs)        0087
_W                    bssBANK0     0038
_W1                   bssBANK0     003A
_Y                    bssBANK0     003C
_Z                    bssBANK0     003E
__Habs1               abs1         0000
__Hbank0              bank0        0000
__Hbank1              bank1        0000
__Hbank2              bank2        0000
__Hbank3              bank3        0000
__HbssBANK0           bssBANK0     0000
__HbssBANK1           bssBANK1     0000
__HbssCOMMON          bssCOMMON    0000
__Hcinit              cinit        0000
__Hclrtext            clrtext      0000
__Hcode               code         0000
__Hcommon             common       0000
__Hconfig             config       2008
__HcstackCOMMON       cstackCOMMON 0000
__HdataBANK0          dataBANK0    0000
__HdataCOMMON         dataCOMMON   0000
__Heeprom_data        eeprom_data  0000
__Hend_init           end_init     0003
__Hfunctab            functab      0000
__HidataBANK0         idataBANK0   0000
__HidataCOMMON        idataCOMMON  0000
__Hidloc              idloc        0000
__Hinit               init         0000
__Hinittext           inittext     0000
__Hintentry           intentry     0000
__Hmaintext           maintext     0000
__Hpowerup            powerup      0000
__Hram                ram          0000
__Hreset_vec          reset_vec    0000
__Hsfr0               sfr0         0000
__Hsfr1               sfr1         0000
__Hsfr2               sfr2         0000
__Hsfr3               sfr3         0000
__Hstrings            strings      0000
__Htext               text         0000
__Labs1               abs1         0000
__Lbank0              bank0        0000
__Lbank1              bank1        0000
__Lbank2              bank2        0000
__Lbank3              bank3        0000
__LbssBANK0           bssBANK0     0000
__LbssBANK1           bssBANK1     0000
__LbssCOMMON          bssCOMMON    0000
__Lcinit              cinit        0000
__Lclrtext            clrtext      0000
__Lcode               code         0000
__Lcommon             common       0000
__Lconfig             config       2007
__LcstackCOMMON       cstackCOMMON 0000
__LdataBANK0          dataBANK0    0000
__LdataCOMMON         dataCOMMON   0000
__Leeprom_data        eeprom_data  0000
__Lend_init           end_init     0000
__Lfunctab            functab      0000
__LidataBANK0         idataBANK0   0000
__LidataCOMMON        idataCOMMON  0000
__Lidloc              idloc        0000
__Linit               init         0000
__Linittext           inittext     0000
__Lintentry           intentry     0000
__Lmaintext           maintext     0000
__Lpowerup            powerup      0000
__Lram                ram          0000
__Lreset_vec          reset_vec    0000
__Lsfr0               sfr0         0000
__Lsfr1               sfr1         0000
__Lsfr2               sfr2         0000
__Lsfr3               sfr3         0000
__Lstrings            strings      0000
__Ltext               text         0000
__S0                  (abs)        2008
__S1                  (abs)        00D2
__S2                  (abs)        0000
__end_of_delay        text115      065B
__end_of_delay1       text112      06C4
__end_of_delay2       text111      06EF
__end_of_delay4       text116      0647
__end_of_lcd_command  text114      0723
__end_of_lcd_data     text113      0757
__end_of_lcd_display  text110      078D
__end_of_main         maintext     0800
__pbssBANK0           bssBANK0     0020
__pbssBANK1           bssBANK1     00A0
__pbssCOMMON          bssCOMMON    007C
__pcstackCOMMON       cstackCOMMON 0070
__pdataBANK0          dataBANK0    0049
__pdataCOMMON         dataCOMMON   007D
__pidataBANK0         idataBANK0   065B
__pidataCOMMON        idataCOMMON  061B
__pmaintext           maintext     078D
__pstrings            strings      0003
__ptext110            text110      0757
__ptext111            text111      06C4
__ptext112            text112      0699
__ptext113            text113      0723
__ptext114            text114      06EF
__ptext115            text115      0647
__ptext116            text116      0635
__ptext117            text117      0000
__size_of_delay       (abs)        0000
__size_of_delay1      (abs)        0000
__size_of_delay2      (abs)        0000
__size_of_delay4      (abs)        0000
__size_of_lcd_command (abs)        0000
__size_of_lcd_data    (abs)        0000
__size_of_lcd_display (abs)        0000
__size_of_main        (abs)        0000
_a                    bssBANK0     0020
_b                    dataBANK0    0049
_data_cap1            bssCOMMON    007C
_delay                text115      0647
_delay1               text112      0699
_delay2               text111      06C4
_delay4               text116      0635
_exit                 init         0000
_gpsdata              bssBANK1     00A0
_i                    bssBANK0     0040
_lcd_command          text114      06EF
_lcd_data             text113      0723
_lcd_display          text110      0757
_main                 maintext     078D
_n                    bssBANK0     0046
_o                    bssBANK0     0047
_p                    bssBANK0     0042
_ser1                 dataCOMMON   007D
_st1                  dataBANK0    005D
_temp                 bssBANK0     0044
_x                    bssBANK0     0048
btemp                 (abs)        007E
clear_ram             clrtext      061C
delay1@i              cstackCOMMON 0070
delay2@i              cstackCOMMON 0070
delay4@x              cstackCOMMON 0070
end_of_initialization cinit        0695
init_fetch            inittext     0624
init_ram              inittext     0628
intlevel0             functab      0000
intlevel1             functab      0000
intlevel2             functab      0000
intlevel3             functab      0000
intlevel4             functab      0000
intlevel5             functab      0000
lcd_command@COM       cstackCOMMON 0072
lcd_command@temp      cstackCOMMON 0076
lcd_data@data         cstackCOMMON 0072
lcd_data@val1         cstackCOMMON 0076
lcd_display@i         cstackCOMMON 0079
lcd_display@m         cstackCOMMON 007B
reset_vec             reset_vec    0000
start                 init         0000
start_initialization  cinit        0670
wtemp0                (abs)        007E
