HI-TECH Software C Compiler 

Linker command line:

--edf=C:\Program Files (x86)\HI-TECH Software\PICC\9.71a\dat\en_msgs.txt \
  -cs -h+counter1 test.sym -z -Q16F877A -ol.obj -Mcounter1 test.map -E1 \
  -ACONST=00h-0FFhx32 -ACODE=00h-07FFhx4 -ASTRCODE=00h-01FFFh \
  -AENTRY=00h-0FFhx32 -ASTRING=00h-0FFhx32 -ABANK0=020h-06Fh \
  -ABANK1=0A0h-0EFh -ABANK2=0110h-016Fh -ABANK3=0190h-01EFh \
  -ARAM=020h-06Fh,0A0h-0EFh,0110h-016Fh,0190h-01EFh \
  -AABS1=020h-07Fh,0A0h-0EFh,0110h-016Fh,0190h-01EFh -ACOMMON=070h-07Fh \
  -ASFR0=00h-01Fh -ASFR1=080h-09Fh -ASFR2=0100h-010Fh -ASFR3=0180h-018Fh \
  -preset_vec=00h,intentry,init,end_init -ppowerup=CODE -pfunctab=CODE \
  -ACONFIG=02007h-02007h -pconfig=CONFIG -DCONFIG=2 -AIDLOC=02000h-02003h \
  -pidloc=IDLOC -DIDLOC=2 -AEEDATA=00h-0FFh/02100h -peeprom_data=EEDATA \
  -DEEDATA=2 -DCODE=2 -DSTRCODE=2 -DSTRING=2 -DCONST=2 -DENTRY=2 -k \
  startup.obj counter1 test.obj 

Object code version is 3.10

Machine type is 16F877A



                Name                               Link     Load   Length Selector   Space Scale
startup.obj     end_init                              0        0        3        0       0
counter1 test.obj
                text173                             570      570       12      AE0       0
                text172                             64C      64C       70      C98       0
                text171                             5EC      5EC       60      BD8       0
                text170                             582      582       15      B04       0
                text169                             597      597       15      B2E       0
                text168                             5AC      5AC       19      B58       0
                text167                             5C5      5C5       27      B8A       0
                maintext                            6BC      6BC      144      D78       0
                cstackBANK0                          20       20       12       20       1
                cstackCOMMON                         70       70        B       70       1
                cinit                               56C      56C        4      AD8       0
                strings                               3        3        E        6       0

TOTAL           Name                               Link     Load   Length     Space
        CLASS   CONST          

        CLASS   CODE           
                end_init                              0        0        3         0
                text173                             570      570       12         0
                text172                             64C      64C       70         0
                text171                             5EC      5EC       60         0
                text170                             582      582       15         0
                text169                             597      597       15         0
                text168                             5AC      5AC       19         0
                text167                             5C5      5C5       27         0
                maintext                            6BC      6BC      144         0
                cinit                               56C      56C        4         0

        CLASS   STRCODE        

        CLASS   ENTRY          

        CLASS   STRING         
                strings                               3        3        E         0

        CLASS   BANK0          
                cstackBANK0                          20       20       12         1

        CLASS   BANK1          

        CLASS   BANK2          

        CLASS   BANK3          

        CLASS   RAM            

        CLASS   ABS1           
                abs_s1                               7E       7E        2         1

        CLASS   COMMON         
                cstackCOMMON                         70       70        B         1

        CLASS   SFR0           

        CLASS   SFR1           

        CLASS   SFR2           

        CLASS   SFR3           

        CLASS   CONFIG         

        CLASS   IDLOC          

        CLASS   EEDATA         



SEGMENTS        Name                           Load    Length   Top    Selector   Space  Class     Delta

                reset_vec                      000000  000003  000003         0       0  CODE        2
                strings                        000003  00000E  000011         6       0  STRING      2
                cstackBANK0                    000020  000012  000032        20       1  BANK0       1
                cstackCOMMON                   000070  00000B  00007B        70       1  COMMON      1
                cinit                          00056C  000004  000570       AD8       0  CODE        2
                text173                        000570  000012  000582       AE0       0  CODE        2
                text170                        000582  000015  000597       B04       0  CODE        2
                text169                        000597  000015  0005AC       B2E       0  CODE        2
                text168                        0005AC  000019  0005C5       B58       0  CODE        2
                text167                        0005C5  000027  0005EC       B8A       0  CODE        2
                text171                        0005EC  000060  00064C       BD8       0  CODE        2
                text172                        00064C  000070  0006BC       C98       0  CODE        2
                maintext                       0006BC  000144  000800       D78       0  CODE        2


UNUSED ADDRESS RANGES

        Name                Unused          Largest block    Delta
        BANK0            0032-006F             3E           1
        BANK1            00A0-00EF             50           1
        BANK2            0110-016F             60           1
        BANK3            0190-01EF             60           1
        CODE             0011-056B            55B           2
                         0800-1FFF            800
        COMMON           007B-007D              3           1
        CONFIG           2007-2007              1           2
        CONST            0011-056B            100           2
                         0800-1FFF            100
        EEDATA           2100-21FF            100           2
        ENTRY            0011-056B            100           2
                         0800-1FFF            100
        IDLOC            2000-2003              4           2
        RAM              0032-006F             3E           1
                         00A0-00EF             50
                         0110-016F             60
                         0190-01EF             60
        SFR0             0000-001F             20           1
        SFR1             0080-009F             20           1
        SFR2             0100-010F             10           1
        SFR3             0180-018F             10           1
        STRCODE          0011-056B            55B           2
                         0800-1FFF           1800
        STRING           0011-056B            100           2
                         0800-1FFF            100

                                  Symbol Table

??___awdiv            cstackCOMMON 0074
??___awmod            cstackCOMMON 0074
??_delay              cstackCOMMON 0072
??_lcd_command        cstackCOMMON 0072
??_lcd_data           cstackCOMMON 0072
??_lcd_display        cstackCOMMON 0073
??_lcd_init           cstackCOMMON 0073
??_main               cstackCOMMON 0079
?___awdiv             cstackCOMMON 0070
?___awmod             cstackCOMMON 0070
?_delay               cstackCOMMON 0070
?_lcd_command         cstackCOMMON 0070
?_lcd_data            cstackCOMMON 0070
?_lcd_display         cstackCOMMON 0070
?_lcd_init            cstackCOMMON 0070
?_main                cstackCOMMON 0070
_PORTB                (abs)        0006
_PORTC                (abs)        0007
_PORTD                (abs)        0008
_RB0                  (abs)        0030
_RB1                  (abs)        0031
_RB2                  (abs)        0032
_T1CON                (abs)        0010
_TMR1H                (abs)        000F
_TMR1L                (abs)        000E
_TRISB                (abs)        0086
_TRISC                (abs)        0087
_TRISD                (abs)        0088
__Habs1               abs1         0000
__Hbank0              bank0        0000
__Hbank1              bank1        0000
__Hbank2              bank2        0000
__Hbank3              bank3        0000
__Hcinit              cinit        0000
__Hclrtext            clrtext      0000
__Hcode               code         0000
__Hcommon             common       0000
__Hconfig             config       0000
__HcstackBANK0        cstackBANK0  0000
__HcstackCOMMON       cstackCOMMON 0000
__Heeprom_data        eeprom_data  0000
__Hend_init           end_init     0003
__Hfunctab            functab      0000
__Hidloc              idloc        0000
__Hinit               init         0000
__Hintentry           intentry     0000
__Hmaintext           maintext     0000
__Hpowerup            powerup      0000
__Hram                ram          0000
__Hreset_vec          reset_vec    0000
__Hsfr0               sfr0         0000
__Hsfr1               sfr1         0000
__Hsfr2               sfr2         0000
__Hsfr3               sfr3         0000
__Hstrings            strings      0000
__Htext               text         0000
__Labs1               abs1         0000
__Lbank0              bank0        0000
__Lbank1              bank1        0000
__Lbank2              bank2        0000
__Lbank3              bank3        0000
__Lcinit              cinit        0000
__Lclrtext            clrtext      0000
__Lcode               code         0000
__Lcommon             common       0000
__Lconfig             config       0000
__LcstackBANK0        cstackBANK0  0000
__LcstackCOMMON       cstackCOMMON 0000
__Leeprom_data        eeprom_data  0000
__Lend_init           end_init     0000
__Lfunctab            functab      0000
__Lidloc              idloc        0000
__Linit               init         0000
__Lintentry           intentry     0000
__Lmaintext           maintext     0000
__Lpowerup            powerup      0000
__Lram                ram          0000
__Lreset_vec          reset_vec    0000
__Lsfr0               sfr0         0000
__Lsfr1               sfr1         0000
__Lsfr2               sfr2         0000
__Lsfr3               sfr3         0000
__Lstrings            strings      0000
__Ltext               text         0000
__S0                  (abs)        0800
__S1                  (abs)        007B
__S2                  (abs)        0000
___awdiv              text172      064C
___awdiv@counter      cstackCOMMON 0075
___awdiv@dividend     cstackCOMMON 0072
___awdiv@divisor      cstackCOMMON 0070
___awdiv@quotient     cstackCOMMON 0077
___awdiv@sign         cstackCOMMON 0076
___awmod              text171      05EC
___awmod@counter      cstackCOMMON 0075
___awmod@dividend     cstackCOMMON 0072
___awmod@divisor      cstackCOMMON 0070
___awmod@sign         cstackCOMMON 0076
__end_of___awdiv      text172      06BC
__end_of___awmod      text171      064C
__end_of_delay        text173      0582
__end_of_lcd_command  text170      0597
__end_of_lcd_data     text169      05AC
__end_of_lcd_display  text167      05EC
__end_of_lcd_init     text168      05C5
__end_of_main         maintext     0800
__pcstackBANK0        cstackBANK0  0020
__pcstackCOMMON       cstackCOMMON 0070
__pmaintext           maintext     06BC
__pstrings            strings      0003
__ptext166            text166      0000
__ptext167            text167      05C5
__ptext168            text168      05AC
__ptext169            text169      0597
__ptext170            text170      0582
__ptext171            text171      05EC
__ptext172            text172      064C
__ptext173            text173      0570
__ptext174            text174      0000
__size_of___awdiv     (abs)        0000
__size_of___awmod     (abs)        0000
__size_of_delay       (abs)        0000
__size_of_lcd_command (abs)        0000
__size_of_lcd_data    (abs)        0000
__size_of_lcd_display (abs)        0000
__size_of_lcd_init    (abs)        0000
__size_of_main        (abs)        0000
_delay                text173      0570
_exit                 init         0000
_lcd_command          text170      0582
_lcd_data             text169      0597
_lcd_display          text167      05C5
_lcd_init             text168      05AC
_main                 maintext     06BC
btemp                 (abs)        007E
delay@x               cstackCOMMON 0070
end_of_initialization cinit        056C
intlevel0             functab      0000
intlevel1             functab      0000
intlevel2             functab      0000
intlevel3             functab      0000
intlevel4             functab      0000
intlevel5             functab      0000
lcd_command@com       cstackCOMMON 0072
lcd_data@data         cstackCOMMON 0072
lcd_display@i         cstackCOMMON 0074
lcd_display@m         cstackCOMMON 0073
main@a                cstackBANK0  0020
main@b                cstackBANK0  002A
main@c                cstackBANK0  0022
main@d                cstackBANK0  002C
main@e                cstackBANK0  0024
main@f                cstackBANK0  002E
main@g                cstackBANK0  0026
main@h                cstackBANK0  0028
main@temp             cstackBANK0  0030
reset_vec             reset_vec    0000
start                 init         0000
start_initialization  cinit        056C
wtemp0                (abs)        007E
