

HI-TECH Software PIC LITE Macro Assembler V9.71a build 6446 
                                                                                               Sat Oct 29 19:20:08 2022

HI-TECH Software Omniscient Code Generator (Lite mode) build 6446
     1  0000                     opt subtitle "HI-TECH Software Omniscient Code Generator (Lite mode) build 6446"
     2                           
     3                           opt pagewidth 120
     4                           
     5                           	opt lm
     6                           
     7                           	processor	16F877A
     8                           clrc	macro
     9                           	bcf	3,0
    10  0000                     	endm
    11                           clrz	macro
    12                           	bcf	3,2
    13  0000                     	endm
    14                           setc	macro
    15                           	bsf	3,0
    16  0000                     	endm
    17                           setz	macro
    18                           	bsf	3,2
    19  0000                     	endm
    20                           skipc	macro
    21                           	btfss	3,0
    22  0000                     	endm
    23                           skipz	macro
    24                           	btfss	3,2
    25  0000                     	endm
    26                           skipnc	macro
    27                           	btfsc	3,0
    28  0000                     	endm
    29                           skipnz	macro
    30                           	btfsc	3,2
    31  0000                     	endm
    32  0000                     indf	equ	0
    33  0000                     indf0	equ	0
    34  0002                     pc	equ	2
    35  0002                     pcl	equ	2
    36  0003                     status	equ	3
    37  0004                     fsr	equ	4
    38  0004                     fsr0	equ	4
    39  0001                     c	equ	1
    40  0000                     z	equ	0
    41  000A                     pclath	equ	10
    42                           	FNCALL	_main,_serial
    43                           	FNCALL	_main,_delay
    44                           	FNCALL	_serial,_delay
    45                           	FNROOT	_main
    46                           	global	_PORTC
    47                           psect	text66,local,class=CODE,delta=2
    48                           global __ptext66
    49  0000                     __ptext66:
    50  0007                     _PORTC	set	7
    51                           	global	_RCSTA
    52  0018                     _RCSTA	set	24
    53                           	global	_TXREG
    54  0019                     _TXREG	set	25
    55                           	global	_SPBRG
    56  0099                     _SPBRG	set	153
    57                           	global	_TRISC
    58  0087                     _TRISC	set	135
    59                           	global	_TXSTA
    60  0098                     _TXSTA	set	152
    61                           psect	strings,class=STRING,delta=2
    62                           global __pstrings
    63  0003                     __pstrings:
    64                           ;	global	stringdir,stringtab,__stringbase
    65  0003                     stringtab:
    66                           ;	String table - string pointers are 1 byte each
    67  0003                     stringcode:stringdir:
      + 0003                     stringdir:	
    68  0003  3000               movlw high(stringdir)
    69  0004  008A               movwf pclath
    70  0005  0804               movf fsr,w
    71  0006  0A84               incf fsr
    72  0007  0782               	addwf pc
    73  0008                     __stringbase:
    74  0008  3400               	retlw	0
    75                           psect	strings
    76                           	
    77  0009                     STR_1:	
    78  0009  346D               	retlw	109	;'m'
    79  000A  3461               	retlw	97	;'a'
    80  000B  3464               	retlw	100	;'d'
    81  000C  3468               	retlw	104	;'h'
    82  000D  3475               	retlw	117	;'u'
    83  000E  3420               	retlw	32	;' '
    84  000F  3420               	retlw	32	;' '
    85  0010  3400               	retlw	0
    86                           psect	strings
    87                           	file	"transmit data.as"
    88                           	line	#
    89                           psect cinit,class=CODE,delta=2
    90                           global start_initialization
    91  0793                     start_initialization:
    92                           
    93                           psect cinit,class=CODE,delta=2
    94                           global end_of_initialization
    95                           
    96                           ;End of C runtime variable initialization code
    97                           
    98  0793                     end_of_initialization:
    99  0793  0183               clrf status
   100  0794  120A  118A  2FA9   ljmp _main	;jump to C main() function
   101                           psect	cstackCOMMON,class=COMMON,space=1
   102                           global __pcstackCOMMON
   103  0070                     __pcstackCOMMON:
   104                           	global	?_delay
   105  0070                     ?_delay:	; 0 bytes @ 0x0
   106                           	global	?_serial
   107  0070                     ?_serial:	; 0 bytes @ 0x0
   108                           	global	?_main
   109  0070                     ?_main:	; 2 bytes @ 0x0
   110                           	global	delay@x
   111  0070                     delay@x:	; 2 bytes @ 0x0
   112  0070                     	ds	2
   113                           	global	??_delay
   114  0072                     ??_delay:	; 0 bytes @ 0x2
   115                           	global	??_serial
   116  0072                     ??_serial:	; 0 bytes @ 0x2
   117                           	global	serial@i
   118  0072                     serial@i:	; 2 bytes @ 0x2
   119  0072                     	ds	2
   120                           	global	serial@a
   121  0074                     serial@a:	; 1 bytes @ 0x4
   122  0074                     	ds	1
   123                           	global	??_main
   124  0075                     ??_main:	; 0 bytes @ 0x5
   125 ;;Data sizes: Strings 8, constant 0, data 0, bss 0, persistent 0 stack 0
   126 ;;Auto spaces:   Size  Autos    Used
   127 ;; COMMON          14      5       5
   128 ;; BANK0           80      0       0
   129 ;; BANK1           80      0       0
   130 ;; BANK3           96      0       0
   131 ;; BANK2           96      0       0
   132                           
   133 ;;
   134 ;; Pointer list with targets:
   135                           
   136 ;; serial@a	PTR unsigned char  size(1) Largest target is 8
   137 ;;		 -> STR_1(CODE[8]), 
   138 ;;
   139                           
   140                           
   141 ;;
   142 ;; Critical Paths under _main in COMMON
   143 ;;
   144 ;;   _main->_serial
   145 ;;   _serial->_delay
   146 ;;
   147 ;; Critical Paths under _main in BANK0
   148 ;;
   149 ;;   None.
   150 ;;
   151 ;; Critical Paths under _main in BANK1
   152 ;;
   153 ;;   None.
   154 ;;
   155 ;; Critical Paths under _main in BANK3
   156 ;;
   157 ;;   None.
   158 ;;
   159 ;; Critical Paths under _main in BANK2
   160 ;;
   161 ;;   None.
   162                           
   163 ;;
   164 ;;Main: autosize = 0, tempsize = 0, incstack = 0, save=0
   165 ;;
   166                           
   167 ;;
   168 ;;Call Graph Tables:
   169 ;;
   170 ;; ---------------------------------------------------------------------------------
   171 ;; (Depth) Function   	        Calls       Base Space   Used Autos Params    Refs
   172 ;; ---------------------------------------------------------------------------------
   173 ;; (0) _main                                                 0     0      0      90
   174 ;;                             _serial
   175 ;;                              _delay
   176 ;; ---------------------------------------------------------------------------------
   177 ;; (1) _serial                                               3     3      0      75
   178 ;;                                              2 COMMON     3     3      0
   179 ;;                              _delay
   180 ;; ---------------------------------------------------------------------------------
   181 ;; (1) _delay                                                2     0      2      15
   182 ;;                                              0 COMMON     2     0      2
   183 ;; ---------------------------------------------------------------------------------
   184 ;; Estimated maximum stack depth 1
   185 ;; ---------------------------------------------------------------------------------
   186                           
   187 ;; Call Graph Graphs:
   188                           
   189 ;; _main (ROOT)
   190 ;;   _serial
   191 ;;     _delay
   192 ;;   _delay
   193 ;;
   194                           
   195 ;; Address spaces:
   196                           
   197 ;;Name               Size   Autos  Total    Cost      Usage
   198 ;;BITCOMMON            E      0       0       0        0.0%
   199 ;;EEDATA             100      0       0       0        0.0%
   200 ;;NULL                 0      0       0       0        0.0%
   201 ;;CODE                 0      0       0       0        0.0%
   202 ;;COMMON               E      5       5       1       35.7%
   203 ;;BITSFR0              0      0       0       1        0.0%
   204 ;;SFR0                 0      0       0       1        0.0%
   205 ;;BITSFR1              0      0       0       2        0.0%
   206 ;;SFR1                 0      0       0       2        0.0%
   207 ;;STACK                0      0       2       2        0.0%
   208 ;;ABS                  0      0       0       3        0.0%
   209 ;;BITBANK0            50      0       0       4        0.0%
   210 ;;BITSFR3              0      0       0       4        0.0%
   211 ;;SFR3                 0      0       0       4        0.0%
   212 ;;BANK0               50      0       0       5        0.0%
   213 ;;BITSFR2              0      0       0       5        0.0%
   214 ;;SFR2                 0      0       0       5        0.0%
   215 ;;BITBANK1            50      0       0       6        0.0%
   216 ;;BANK1               50      0       0       7        0.0%
   217 ;;BITBANK3            60      0       0       8        0.0%
   218 ;;BANK3               60      0       0       9        0.0%
   219 ;;BITBANK2            60      0       0      10        0.0%
   220 ;;BANK2               60      0       0      11        0.0%
   221 ;;DATA                 0      0       0      12        0.0%
   222                           
   223                           	global	_main
   224                           psect	maintext,global,class=CODE,delta=2
   225                           global __pmaintext
   226  07A9                     __pmaintext:
   227                           
   228 ;; *************** function _main *****************
   229 ;; Defined at:
   230 ;;		line 16 in file "C:\Users\TECH\Desktop\madhu pic folder\serial communication\uart\test\transmit data\transmit data.c
       "
   231 ;; Parameters:    Size  Location     Type
   232 ;;		None
   233 ;; Auto vars:     Size  Location     Type
   234 ;;		None
   235 ;; Return value:  Size  Location     Type
   236 ;;                  2  570[COMMON] int 
   237 ;; Registers used:
   238 ;;		wreg, fsr0l, fsr0h, status,2, status,0, pclath, cstack
   239 ;; Tracked objects:
   240 ;;		On entry : 17F/0
   241 ;;		On exit  : 0/0
   242 ;;		Unchanged: 0/0
   243 ;; Data sizes:     COMMON   BANK0   BANK1   BANK3   BANK2
   244 ;;      Params:         0       0       0       0       0
   245 ;;      Locals:         0       0       0       0       0
   246 ;;      Temps:          0       0       0       0       0
   247 ;;      Totals:         0       0       0       0       0
   248 ;;Total ram usage:        0 bytes
   249 ;; Hardware stack levels required when called:    2
   250 ;; This function calls:
   251 ;;		_serial
   252 ;;		_delay
   253 ;; This function is called by:
   254 ;;		Startup code after reset
   255 ;; This function uses a non-reentrant model
   256 ;;
   257                           psect	maintext
   258                           	file	"C:\Users\TECH\Desktop\madhu pic folder\serial communication\uart\test\transmit da
                                 ta\transmit data.c"
   259                           	line	16
   260                           	global	__size_of_main
   261  0025                     	__size_of_main	equ	__end_of_main-_main
   262                           	
   263  07A9                     _main:	
   264                           	opt	stack 8
   265                           ; Regs used in _main: [wreg-fsr0h+status,2+status,0+pclath+cstack]
   266                           	line	17
   267                           	
   268  07A9                     l1749:	
   269                           ;transmit data.c: 17: TRISC=0X00;
   270  07A9  1683               	bsf	status, 5	;RP0=1, select bank1
   271  07AA  1303               	bcf	status, 6	;RP1=0, select bank1
   272  07AB  0187               	clrf	(135)^080h	;volatile
   273                           	line	18
   274                           ;transmit data.c: 18: PORTC=0X00;
   275  07AC  1283               	bcf	status, 5	;RP0=0, select bank0
   276  07AD  1303               	bcf	status, 6	;RP1=0, select bank0
   277  07AE  0187               	clrf	(7)	;volatile
   278                           	line	19
   279                           	
   280  07AF                     l1751:	
   281                           ;transmit data.c: 19: TXSTA=0X24;
   282  07AF  3024               	movlw	(024h)
   283  07B0  1683               	bsf	status, 5	;RP0=1, select bank1
   284  07B1  1303               	bcf	status, 6	;RP1=0, select bank1
   285  07B2  0098               	movwf	(152)^080h	;volatile
   286                           	line	20
   287                           	
   288  07B3                     l1753:	
   289                           ;transmit data.c: 20: RCSTA=0X90;
   290  07B3  3090               	movlw	(090h)
   291  07B4  1283               	bcf	status, 5	;RP0=0, select bank0
   292  07B5  1303               	bcf	status, 6	;RP1=0, select bank0
   293  07B6  0098               	movwf	(24)	;volatile
   294                           	line	21
   295                           	
   296  07B7                     l1755:	
   297                           ;transmit data.c: 21: SPBRG=25;
   298  07B7  3019               	movlw	(019h)
   299  07B8  1683               	bsf	status, 5	;RP0=1, select bank1
   300  07B9  1303               	bcf	status, 6	;RP1=0, select bank1
   301  07BA  0099               	movwf	(153)^080h	;volatile
   302                           	line	22
   303                           ;transmit data.c: 22: while(1)
   304                           	
   305  07BB                     l571:	
   306                           	line	24
   307                           	
   308  07BB                     l1757:	
   309                           ;transmit data.c: 23: {
   310                           ;transmit data.c: 24: serial("madhu  ");
   311  07BB  3001               	movlw	((STR_1-__stringbase))&0ffh
   312  07BC  120A  118A  27CE   	fcall	_serial
              120A  118A         
   313                           	line	25
   314                           	
   315  07C1                     l1759:	
   316                           ;transmit data.c: 25: delay(50000);
   317  07C1  3050               	movlw	low(0C350h)
   318  07C2  00F0               	movwf	(?_delay)
   319  07C3  30C3               	movlw	high(0C350h)
   320  07C4  00F1               	movwf	((?_delay))+1
   321  07C5  120A  118A  2797   	fcall	_delay
              120A  118A         
   322                           	line	26
   323                           	
   324  07CA                     l572:	
   325                           	line	22
   326  07CA  2FBB               	goto	l571
   327                           	
   328  07CB                     l573:	
   329                           	line	27
   330                           	
   331  07CB                     l574:	
   332                           	global	start
   333  07CB  120A  118A  2800   	ljmp	start
   334                           	opt stack 0
   335                           GLOBAL	__end_of_main
   336  07CE                     	__end_of_main:
   337 ;; =============== function _main ends ============
   338                           
   339                           	signat	_main,90
   340                           	global	_serial
   341                           psect	text67,local,class=CODE,delta=2
   342                           global __ptext67
   343  07CE                     __ptext67:
   344                           
   345 ;; *************** function _serial *****************
   346 ;; Defined at:
   347 ;;		line 7 in file "C:\Users\TECH\Desktop\madhu pic folder\serial communication\uart\test\transmit data\transmit data.c"
   348 ;; Parameters:    Size  Location     Type
   349 ;;  a               1    wreg     PTR unsigned char 
   350 ;;		 -> STR_1(8), 
   351 ;; Auto vars:     Size  Location     Type
   352 ;;  a               1    4[COMMON] PTR unsigned char 
   353 ;;		 -> STR_1(8), 
   354 ;;  i               2    2[COMMON] int 
   355 ;; Return value:  Size  Location     Type
   356 ;;		None               void
   357 ;; Registers used:
   358 ;;		wreg, fsr0l, fsr0h, status,2, status,0, pclath, cstack
   359 ;; Tracked objects:
   360 ;;		On entry : 0/0
   361 ;;		On exit  : 0/0
   362 ;;		Unchanged: 0/0
   363 ;; Data sizes:     COMMON   BANK0   BANK1   BANK3   BANK2
   364 ;;      Params:         0       0       0       0       0
   365 ;;      Locals:         3       0       0       0       0
   366 ;;      Temps:          0       0       0       0       0
   367 ;;      Totals:         3       0       0       0       0
   368 ;;Total ram usage:        3 bytes
   369 ;; Hardware stack levels used:    1
   370 ;; Hardware stack levels required when called:    1
   371 ;; This function calls:
   372 ;;		_delay
   373 ;; This function is called by:
   374 ;;		_main
   375 ;; This function uses a non-reentrant model
   376 ;;
   377                           psect	text67
   378                           	file	"C:\Users\TECH\Desktop\madhu pic folder\serial communication\uart\test\transmit da
                                 ta\transmit data.c"
   379                           	line	7
   380                           	global	__size_of_serial
   381  0032                     	__size_of_serial	equ	__end_of_serial-_serial
   382                           	
   383  07CE                     _serial:	
   384                           	opt	stack 7
   385                           ; Regs used in _serial: [wreg-fsr0h+status,2+status,0+pclath+cstack]
   386                           ;serial@a stored from wreg
   387  07CE  00F4               	movwf	(serial@a)
   388                           	line	8
   389                           	
   390  07CF                     l1737:	
   391                           ;transmit data.c: 8: for(int i=0;a[i]!=0;i++)
   392  07CF  3000               	movlw	low(0)
   393  07D0  00F2               	movwf	(serial@i)
   394  07D1  3000               	movlw	high(0)
   395  07D2  00F3               	movwf	((serial@i))+1
   396  07D3  2FEE               	goto	l565
   397                           	line	9
   398                           	
   399  07D4                     l566:	
   400                           	line	10
   401                           	
   402  07D4                     l1739:	
   403                           ;transmit data.c: 9: {
   404                           ;transmit data.c: 10: TXREG=a[i];
   405  07D4  0872               	movf	(serial@i),w
   406  07D5  0774               	addwf	(serial@a),w
   407  07D6  0084               	movwf	fsr0
   408  07D7  120A  118A  2003   	fcall	stringdir
              120A  118A         
   409  07DC  1283               	bcf	status, 5	;RP0=0, select bank0
   410  07DD  1303               	bcf	status, 6	;RP1=0, select bank0
   411  07DE  0099               	movwf	(25)	;volatile
   412                           	line	11
   413                           	
   414  07DF                     l1741:	
   415                           ;transmit data.c: 11: delay(20000);
   416  07DF  3020               	movlw	low(04E20h)
   417  07E0  00F0               	movwf	(?_delay)
   418  07E1  304E               	movlw	high(04E20h)
   419  07E2  00F1               	movwf	((?_delay))+1
   420  07E3  120A  118A  2797   	fcall	_delay
              120A  118A         
   421                           	line	8
   422                           	
   423  07E8                     l1743:	
   424  07E8  3001               	movlw	low(01h)
   425  07E9  07F2               	addwf	(serial@i),f
   426  07EA  1803               	skipnc
   427  07EB  0AF3               	incf	(serial@i+1),f
   428  07EC  3000               	movlw	high(01h)
   429  07ED  07F3               	addwf	(serial@i+1),f
   430                           	
   431  07EE                     l565:	
   432                           	
   433  07EE                     l1745:	
   434  07EE  0872               	movf	(serial@i),w
   435  07EF  0774               	addwf	(serial@a),w
   436  07F0  0084               	movwf	fsr0
   437  07F1  120A  118A  2003   	fcall	stringdir
              120A  118A         
   438  07F6  3800               	iorlw	0
   439  07F7  1D03               	skipz
   440  07F8  2FFA               	goto	u2151
   441  07F9  2FFB               	goto	u2150
   442  07FA                     u2151:
   443  07FA  2FD4               	goto	l566
   444  07FB                     u2150:
   445                           	
   446  07FB                     l567:	
   447                           	line	13
   448                           	
   449  07FB                     l1747:	
   450                           ;transmit data.c: 12: }
   451                           ;transmit data.c: 13: TXREG=0X1D;
   452  07FB  301D               	movlw	(01Dh)
   453  07FC  1283               	bcf	status, 5	;RP0=0, select bank0
   454  07FD  1303               	bcf	status, 6	;RP1=0, select bank0
   455  07FE  0099               	movwf	(25)	;volatile
   456                           	line	14
   457                           	
   458  07FF                     l568:	
   459  07FF  0008               	return
   460                           	opt stack 0
   461                           GLOBAL	__end_of_serial
   462  0800                     	__end_of_serial:
   463 ;; =============== function _serial ends ============
   464                           
   465                           	signat	_serial,4216
   466                           	global	_delay
   467                           psect	text68,local,class=CODE,delta=2
   468                           global __ptext68
   469  0797                     __ptext68:
   470                           
   471 ;; *************** function _delay *****************
   472 ;; Defined at:
   473 ;;		line 3 in file "C:\Users\TECH\Desktop\madhu pic folder\serial communication\uart\test\transmit data\transmit data.c"
   474 ;; Parameters:    Size  Location     Type
   475 ;;  x               2    0[COMMON] unsigned int 
   476 ;; Auto vars:     Size  Location     Type
   477 ;;		None
   478 ;; Return value:  Size  Location     Type
   479 ;;		None               void
   480 ;; Registers used:
   481 ;;		wreg
   482 ;; Tracked objects:
   483 ;;		On entry : 0/0
   484 ;;		On exit  : 0/0
   485 ;;		Unchanged: 0/0
   486 ;; Data sizes:     COMMON   BANK0   BANK1   BANK3   BANK2
   487 ;;      Params:         2       0       0       0       0
   488 ;;      Locals:         0       0       0       0       0
   489 ;;      Temps:          0       0       0       0       0
   490 ;;      Totals:         2       0       0       0       0
   491 ;;Total ram usage:        2 bytes
   492 ;; Hardware stack levels used:    1
   493 ;; This function calls:
   494 ;;		Nothing
   495 ;; This function is called by:
   496 ;;		_serial
   497 ;;		_main
   498 ;; This function uses a non-reentrant model
   499 ;;
   500                           psect	text68
   501                           	file	"C:\Users\TECH\Desktop\madhu pic folder\serial communication\uart\test\transmit da
                                 ta\transmit data.c"
   502                           	line	3
   503                           	global	__size_of_delay
   504  0012                     	__size_of_delay	equ	__end_of_delay-_delay
   505                           	
   506  0797                     _delay:	
   507                           	opt	stack 7
   508                           ; Regs used in _delay: [wreg]
   509                           	line	4
   510                           	
   511  0797                     l947:	
   512                           ;transmit data.c: 4: while(x--);
   513  0797  2F98               	goto	l559
   514                           	
   515  0798                     l560:	
   516                           	
   517  0798                     l559:	
   518                           	
   519  0798                     l949:	
   520  0798  3001               	movlw	low(01h)
   521  0799  02F0               	subwf	(delay@x),f
   522  079A  3000               	movlw	high(01h)
   523  079B  1C03               	skipc
   524  079C  03F1               	decf	(delay@x+1),f
   525  079D  02F1               	subwf	(delay@x+1),f
   526  079E  30FF               	movlw	high(0FFFFh)
   527  079F  0671               	xorwf	((delay@x+1)),w
   528  07A0  1D03               	skipz
   529  07A1  2FA4               	goto	u15
   530  07A2  30FF               	movlw	low(0FFFFh)
   531  07A3  0670               	xorwf	((delay@x)),w
   532  07A4                     u15:
   533                           
   534  07A4  1D03               	skipz
   535  07A5  2FA7               	goto	u11
   536  07A6  2FA8               	goto	u10
   537  07A7                     u11:
   538  07A7  2F98               	goto	l560
   539  07A8                     u10:
   540                           	
   541  07A8                     l561:	
   542                           	line	5
   543                           	
   544  07A8                     l562:	
   545  07A8  0008               	return
   546                           	opt stack 0
   547                           GLOBAL	__end_of_delay
   548  07A9                     	__end_of_delay:
   549 ;; =============== function _delay ends ============
   550                           
   551                           	signat	_delay,4216
   552                           psect	text69,local,class=CODE,delta=2
   553                           global __ptext69
   554  0000                     __ptext69:
   555                           	global	btemp
   556  007E                     	btemp set 07Eh
   557                           
   558                           	DABS	1,126,2	;btemp
   559                           	global	wtemp0
   560  007E                     	wtemp0 set btemp


HI-TECH Software PICC Macro Assembler V9.71a build 6446 
Symbol Table                                                                                   Sat Oct 29 19:20:08 2022

                   pc 0002                    u10 07A8                    u11 07A7                    u15 07A4  
                  fsr 0004                   l560 0798                   l561 07A8                   l562 07A8  
                 l571 07BB                   l572 07CA                   l565 07EE                   l573 07CB  
                 l566 07D4                   l574 07CB                   l559 0798                   l567 07FB  
                 l568 07FF                   l947 0797                   l949 0798                   fsr0 0004  
                l1741 07DF                  l1743 07E8                  l1751 07AF                  l1745 07EE  
                l1737 07CF                  l1753 07B3                  l1747 07FB                  l1739 07D4  
                l1755 07B7                  l1757 07BB                  l1749 07A9                  l1759 07C1  
                STR_1 0009                  u2150 07FB                  u2151 07FA                  _main 07A9  
                btemp 007E                  start 0000                 ?_main 0070                 _RCSTA 0018  
               _SPBRG 0099                 _PORTC 0007                 _TRISC 0087                 _TXREG 0019  
               _TXSTA 0098                 _delay 0797                 pclath 000A                 status 0003  
               wtemp0 007E          __end_of_main 07CE                ??_main 0075                ?_delay 0070  
              delay@x 0070                _serial 07CE        __pcstackCOMMON 0070         __end_of_delay 07A9  
             ??_delay 0072            __pmaintext 07A9               ?_serial 0070       __size_of_serial 0032  
end_of_initialization 0793               serial@a 0074               serial@i 0072        __end_of_serial 0800  
 start_initialization 0793              ??_serial 0072             __pstrings 0003        __size_of_delay 0012  
         __stringbase 0008              __ptext66 0000              __ptext67 07CE              __ptext68 0797  
            __ptext69 0000         __size_of_main 0025             stringcode 0003              stringdir 0003  
            stringtab 0003  
