HI-TECH Software C Compiler 

Linker command line:

--edf=C:\Program Files (x86)\HI-TECH Software\PICC\9.71a\dat\en_msgs.txt \
  -cs -h+interrupt test.sym -z -Q16F877A -ol.obj -Minterrupt test.map -E1 \
  -ACONST=00h-0FFhx32 -ACODE=00h-07FFhx4 -ASTRCODE=00h-01FFFh \
  -AENTRY=00h-0FFhx32 -ASTRING=00h-0FFhx32 -ABANK0=020h-06Fh \
  -ABANK1=0A0h-0EFh -ABANK2=0110h-016Fh -ABANK3=0190h-01EFh \
  -ARAM=020h-06Fh,0A0h-0EFh,0110h-016Fh,0190h-01EFh \
  -AABS1=020h-07Fh,0A0h-0EFh,0110h-016Fh,0190h-01EFh -ACOMMON=070h-07Fh \
  -ASFR0=00h-01Fh -ASFR1=080h-09Fh -ASFR2=0100h-010Fh -ASFR3=0180h-018Fh \
  -preset_vec=00h,intentry,init,end_init -ppowerup=CODE -pfunctab=CODE \
  -ACONFIG=02007h-02007h -pconfig=CONFIG -DCONFIG=2 -AIDLOC=02000h-02003h \
  -pidloc=IDLOC -DIDLOC=2 -AEEDATA=00h-0FFh/02100h -peeprom_data=EEDATA \
  -DEEDATA=2 -DCODE=2 -DSTRCODE=2 -DSTRING=2 -DCONST=2 -DENTRY=2 -k \
  startup.obj interrupt test.obj 

Object code version is 3.10

Machine type is 16F877A



                Name                               Link     Load   Length Selector   Space Scale
startup.obj     end_init                              0        0        3        0       0
interrupt test.obj
                config                             2007     2007        1     400E       0
                text298                             14C      14C       12      298       0
                text297                             1AA      1AA       2B      354       0
                text296                             131      131        C      262       0
                text295                             2CE      2CE       70      59C       0
                text294                             26E      26E       60      4DC       0
                text293                             202      202       36      404       0
                text292                             238      238       36      470       0
                text291                             478      478      145      8F0       0
                text290                             33E      33E      13A      67C       0
                text289                             1D5      1D5       2D      3AA       0
                text288                             183      183       27      306       0
                text287                             15E      15E       25      2BC       0
                maintext                            5BD      5BD      243      B7A       0
                cstackCOMMON                         70       70        B       70       1
                clrtext                             129      129        8      252       0
                bssBANK0                             20       20       20       20       1
                bssCOMMON                            7B       7B        2       70       1
                cinit                               13D      13D        F      27A       0
                strings                               3        3       2B        6       0

TOTAL           Name                               Link     Load   Length     Space
        CLASS   CONST          

        CLASS   CODE           
                end_init                              0        0        3         0
                text298                             14C      14C       12         0
                text297                             1AA      1AA       2B         0
                text296                             131      131        C         0
                text295                             2CE      2CE       70         0
                text294                             26E      26E       60         0
                text293                             202      202       36         0
                text292                             238      238       36         0
                text291                             478      478      145         0
                text290                             33E      33E      13A         0
                text289                             1D5      1D5       2D         0
                text288                             183      183       27         0
                text287                             15E      15E       25         0
                maintext                            5BD      5BD      243         0
                clrtext                             129      129        8         0
                cinit                               13D      13D        F         0

        CLASS   STRCODE        

        CLASS   ENTRY          

        CLASS   STRING         
                strings                               3        3       2B         0

        CLASS   BANK0          
                bssBANK0                             20       20       20         1

        CLASS   BANK1          

        CLASS   BANK2          

        CLASS   BANK3          

        CLASS   RAM            

        CLASS   ABS1           
                abs_s1                               7E       7E        2         1

        CLASS   COMMON         
                cstackCOMMON                         70       70        B         1
                bssCOMMON                            7B       7B        2         1

        CLASS   SFR0           

        CLASS   SFR1           

        CLASS   SFR2           

        CLASS   SFR3           

        CLASS   CONFIG         
                config                             2007     2007        1         0

        CLASS   IDLOC          

        CLASS   EEDATA         



SEGMENTS        Name                           Load    Length   Top    Selector   Space  Class     Delta

                reset_vec                      000000  000003  000003         0       0  CODE        2
                strings                        000003  00002B  00002E         6       0  STRING      2
                bssBANK0                       000020  000020  000040        20       1  BANK0       1
                cstackCOMMON                   000070  00000D  00007D        70       1  COMMON      1
                clrtext                        000129  000008  000131       252       0  CODE        2
                text296                        000131  00000C  00013D       262       0  CODE        2
                cinit                          00013D  00000F  00014C       27A       0  CODE        2
                text298                        00014C  000012  00015E       298       0  CODE        2
                text287                        00015E  000025  000183       2BC       0  CODE        2
                text288                        000183  000027  0001AA       306       0  CODE        2
                text297                        0001AA  00002B  0001D5       354       0  CODE        2
                text289                        0001D5  00002D  000202       3AA       0  CODE        2
                text293                        000202  000036  000238       404       0  CODE        2
                text292                        000238  000036  00026E       470       0  CODE        2
                text294                        00026E  000060  0002CE       4DC       0  CODE        2
                text295                        0002CE  000070  00033E       59C       0  CODE        2
                text290                        00033E  00013A  000478       67C       0  CODE        2
                text291                        000478  000145  0005BD       8F0       0  CODE        2
                maintext                       0005BD  000243  000800       B7A       0  CODE        2
                config                         002007  000001  002008      400E       0  CONFIG      2


UNUSED ADDRESS RANGES

        Name                Unused          Largest block    Delta
        BANK0            0040-006F             30           1
        BANK1            00A0-00EF             50           1
        BANK2            0110-016F             60           1
        BANK3            0190-01EF             60           1
        CODE             002E-0128             FB           2
                         0800-1FFF            800
        COMMON           007D-007D              1           1
        CONST            002E-0128             D2           2
                         0800-1FFF            100
        EEDATA           2100-21FF            100           2
        ENTRY            002E-0128             D2           2
                         0800-1FFF            100
        IDLOC            2000-2003              4           2
        RAM              0040-006F             30           1
                         00A0-00EF             50
                         0110-016F             60
                         0190-01EF             60
        SFR0             0000-001F             20           1
        SFR1             0080-009F             20           1
        SFR2             0100-010F             10           1
        SFR3             0180-018F             10           1
        STRCODE          002E-0128             FB           2
                         0800-1FFF           1800
        STRING           002E-0128             D2           2
                         0800-1FFF            100

                                  Symbol Table

??___awdiv            cstackCOMMON 0074
??___awmod            cstackCOMMON 0074
??_delay              cstackCOMMON 0072
??_gsm_command        cstackCOMMON 0070
??_lcd_cmd            cstackCOMMON 0072
??_lcd_data           cstackCOMMON 0072
??_lcd_display        cstackCOMMON 0075
??_lcd_init           cstackCOMMON 0075
??_main               cstackCOMMON 0079
??_serial             cstackCOMMON 0072
??_sms1               cstackCOMMON 0073
??_sms2               cstackCOMMON 0073
??_txs                cstackCOMMON 0070
?___awdiv             cstackCOMMON 0070
?___awmod             cstackCOMMON 0070
?_delay               cstackCOMMON 0070
?_gsm_command         cstackCOMMON 0070
?_lcd_cmd             cstackCOMMON 0070
?_lcd_data            cstackCOMMON 0070
?_lcd_display         cstackCOMMON 0070
?_lcd_init            cstackCOMMON 0070
?_main                cstackCOMMON 0070
?_serial              cstackCOMMON 0070
?_sms1                cstackCOMMON 0070
?_sms2                cstackCOMMON 0070
?_txs                 cstackCOMMON 0070
_ADCON0               (abs)        001F
_ADCON1               (abs)        009F
_ADON                 (abs)        00F8
_ADRESH               (abs)        001E
_ADRESL               (abs)        009E
_CHS0                 (abs)        00FB
_CHS1                 (abs)        00FC
_CHS2                 (abs)        00FD
_GIE                  (abs)        005F
_OERR                 (abs)        00C1
_PEIE                 (abs)        005E
_PORTA                (abs)        0005
_PORTB                (abs)        0006
_PORTC                (abs)        0007
_PORTD                (abs)        0008
_RCSTA                (abs)        0018
_RD1                  (abs)        0041
_RD2                  (abs)        0042
_RD3                  (abs)        0043
_SPBRG                (abs)        0099
_T                    bssBANK0     0020
_TRISA                (abs)        0085
_TRISB                (abs)        0086
_TRISC                (abs)        0087
_TRISD                (abs)        0088
_TXIF                 (abs)        0064
_TXREG                (abs)        0019
_TXSTA                (abs)        0098
_W                    bssBANK0     0022
__Habs1               abs1         0000
__Hbank0              bank0        0000
__Hbank1              bank1        0000
__Hbank2              bank2        0000
__Hbank3              bank3        0000
__HbssBANK0           bssBANK0     0000
__HbssCOMMON          bssCOMMON    0000
__Hcinit              cinit        0000
__Hclrtext            clrtext      0000
__Hcode               code         0000
__Hcommon             common       0000
__Hconfig             config       2008
__HcstackCOMMON       cstackCOMMON 0000
__Heeprom_data        eeprom_data  0000
__Hend_init           end_init     0003
__Hfunctab            functab      0000
__Hidloc              idloc        0000
__Hinit               init         0000
__Hintentry           intentry     0000
__Hmaintext           maintext     0000
__Hpowerup            powerup      0000
__Hram                ram          0000
__Hreset_vec          reset_vec    0000
__Hsfr0               sfr0         0000
__Hsfr1               sfr1         0000
__Hsfr2               sfr2         0000
__Hsfr3               sfr3         0000
__Hstrings            strings      0000
__Htext               text         0000
__Labs1               abs1         0000
__Lbank0              bank0        0000
__Lbank1              bank1        0000
__Lbank2              bank2        0000
__Lbank3              bank3        0000
__LbssBANK0           bssBANK0     0000
__LbssCOMMON          bssCOMMON    0000
__Lcinit              cinit        0000
__Lclrtext            clrtext      0000
__Lcode               code         0000
__Lcommon             common       0000
__Lconfig             config       2007
__LcstackCOMMON       cstackCOMMON 0000
__Leeprom_data        eeprom_data  0000
__Lend_init           end_init     0000
__Lfunctab            functab      0000
__Lidloc              idloc        0000
__Linit               init         0000
__Lintentry           intentry     0000
__Lmaintext           maintext     0000
__Lpowerup            powerup      0000
__Lram                ram          0000
__Lreset_vec          reset_vec    0000
__Lsfr0               sfr0         0000
__Lsfr1               sfr1         0000
__Lsfr2               sfr2         0000
__Lsfr3               sfr3         0000
__Lstrings            strings      0000
__Ltext               text         0000
__S0                  (abs)        2008
__S1                  (abs)        007D
__S2                  (abs)        0000
___awdiv              text295      02CE
___awdiv@counter      cstackCOMMON 0075
___awdiv@dividend     cstackCOMMON 0072
___awdiv@divisor      cstackCOMMON 0070
___awdiv@quotient     cstackCOMMON 0077
___awdiv@sign         cstackCOMMON 0076
___awmod              text294      026E
___awmod@counter      cstackCOMMON 0075
___awmod@dividend     cstackCOMMON 0072
___awmod@divisor      cstackCOMMON 0070
___awmod@sign         cstackCOMMON 0076
__end_of___awdiv      text295      033E
__end_of___awmod      text294      02CE
__end_of_delay        text298      015E
__end_of_gsm_command  text297      01D5
__end_of_lcd_cmd      text293      0238
__end_of_lcd_data     text292      026E
__end_of_lcd_display  text288      01AA
__end_of_lcd_init     text287      0183
__end_of_main         maintext     0800
__end_of_serial       text289      0202
__end_of_sms1         text291      05BD
__end_of_sms2         text290      0478
__end_of_txs          text296      013D
__pbssBANK0           bssBANK0     0020
__pbssCOMMON          bssCOMMON    007B
__pcstackCOMMON       cstackCOMMON 0070
__pmaintext           maintext     05BD
__pstrings            strings      0003
__ptext286            text286      0000
__ptext287            text287      015E
__ptext288            text288      0183
__ptext289            text289      01D5
__ptext290            text290      033E
__ptext291            text291      0478
__ptext292            text292      0238
__ptext293            text293      0202
__ptext294            text294      026E
__ptext295            text295      02CE
__ptext296            text296      0131
__ptext297            text297      01AA
__ptext298            text298      014C
__ptext299            text299      0000
__size_of___awdiv     (abs)        0000
__size_of___awmod     (abs)        0000
__size_of_delay       (abs)        0000
__size_of_gsm_command (abs)        0000
__size_of_lcd_cmd     (abs)        0000
__size_of_lcd_data    (abs)        0000
__size_of_lcd_display (abs)        0000
__size_of_lcd_init    (abs)        0000
__size_of_main        (abs)        0000
__size_of_serial      (abs)        0000
__size_of_sms1        (abs)        0000
__size_of_sms2        (abs)        0000
__size_of_txs         (abs)        0000
_a                    bssBANK0     0024
_b                    bssBANK0     0026
_c                    bssBANK0     0028
_d                    bssBANK0     002A
_delay                text298      014C
_e                    bssBANK0     002C
_exit                 init         0000
_f                    bssBANK0     002E
_gsm_command          text297      01AA
_i                    bssBANK0     0030
_j                    bssBANK0     0032
_lcd_cmd              text293      0202
_lcd_data             text292      0238
_lcd_display          text288      0183
_lcd_init             text287      015E
_main                 maintext     05BD
_q                    bssBANK0     0034
_r                    bssBANK0     0036
_serial               text289      01D5
_sms1                 text291      0478
_sms2                 text290      033E
_temmp                bssCOMMON    007B
_temp                 bssBANK0     0038
_txs                  text296      0131
_v                    bssBANK0     003A
_w1                   bssBANK0     003C
_z                    bssBANK0     003E
btemp                 (abs)        007E
clear_ram             clrtext      0129
delay@a               cstackCOMMON 0070
end_of_initialization cinit        0148
gsm_command@da        cstackCOMMON 0070
gsm_command@s         cstackCOMMON 0071
intlevel0             functab      0000
intlevel1             functab      0000
intlevel2             functab      0000
intlevel3             functab      0000
intlevel4             functab      0000
intlevel5             functab      0000
lcd_cmd@com           cstackCOMMON 0074
lcd_data@dat          cstackCOMMON 0074
lcd_display@k         cstackCOMMON 0076
lcd_display@m         cstackCOMMON 0075
reset_vec             reset_vec    0000
serial@a              cstackCOMMON 0073
serial@i              cstackCOMMON 0074
start                 init         0000
start_initialization  cinit        013D
txs@val               cstackCOMMON 0070
wtemp0                (abs)        007E
