HI-TECH Software C Compiler 

Linker command line:

--edf=C:\Program Files (x86)\HI-TECH Software\PICC\9.71a\dat\en_msgs.txt \
  -cs -h+one rupee coin.sym -z -Q16F877A -ol.obj -Mone rupee coin.map -E1 \
  -ACONST=00h-0FFhx32 -ACODE=00h-07FFhx4 -ASTRCODE=00h-01FFFh \
  -AENTRY=00h-0FFhx32 -ASTRING=00h-0FFhx32 -ABANK0=020h-06Fh \
  -ABANK1=0A0h-0EFh -ABANK2=0110h-016Fh -ABANK3=0190h-01EFh \
  -ARAM=020h-06Fh,0A0h-0EFh,0110h-016Fh,0190h-01EFh \
  -AABS1=020h-07Fh,0A0h-0EFh,0110h-016Fh,0190h-01EFh -ACOMMON=070h-07Fh \
  -ASFR0=00h-01Fh -ASFR1=080h-09Fh -ASFR2=0100h-010Fh -ASFR3=0180h-018Fh \
  -preset_vec=00h,intentry,init,end_init -ppowerup=CODE -pfunctab=CODE \
  -ACONFIG=02007h-02007h -pconfig=CONFIG -DCONFIG=2 -AIDLOC=02000h-02003h \
  -pidloc=IDLOC -DIDLOC=2 -AEEDATA=00h-0FFh/02100h -peeprom_data=EEDATA \
  -DEEDATA=2 -DCODE=2 -DSTRCODE=2 -DSTRING=2 -DCONST=2 -DENTRY=2 -k \
  startup.obj one rupee coin.obj 

Object code version is 3.10

Machine type is 16F877A



                Name                               Link     Load   Length Selector   Space Scale
startup.obj     end_init                              0        0        3        0       0
one rupee coin.obj
                text198                             2AC      2AC       12      558       0
                text197                             388      388       70      710       0
                text196                             328      328       60      650       0
                text195                             2BE      2BE       15      57C       0
                text194                             2D3      2D3       15      5A6       0
                text193                             2E8      2E8       19      5D0       0
                text192                             301      301       27      602       0
                text191                             5AA      5AA      256      B54       0
                maintext                            3F8      3F8      1B2      7F0       0
                cstackBANK0                          32       32        C       20       1
                cstackCOMMON                         70       70        9       70       1
                clrtext                             295      295        8      52A       0
                bssBANK0                             20       20       12       20       1
                bssCOMMON                            79       79        2       70       1
                cinit                               29D      29D        F      53A       0
                strings                               3        3       51        6       0

TOTAL           Name                               Link     Load   Length     Space
        CLASS   CONST          

        CLASS   CODE           
                end_init                              0        0        3         0
                text198                             2AC      2AC       12         0
                text197                             388      388       70         0
                text196                             328      328       60         0
                text195                             2BE      2BE       15         0
                text194                             2D3      2D3       15         0
                text193                             2E8      2E8       19         0
                text192                             301      301       27         0
                text191                             5AA      5AA      256         0
                maintext                            3F8      3F8      1B2         0
                clrtext                             295      295        8         0
                cinit                               29D      29D        F         0

        CLASS   STRCODE        

        CLASS   ENTRY          

        CLASS   STRING         
                strings                               3        3       51         0

        CLASS   BANK0          
                cstackBANK0                          32       32        C         1
                bssBANK0                             20       20       12         1

        CLASS   BANK1          

        CLASS   BANK2          

        CLASS   BANK3          

        CLASS   RAM            

        CLASS   ABS1           
                abs_s1                               7E       7E        2         1

        CLASS   COMMON         
                cstackCOMMON                         70       70        9         1
                bssCOMMON                            79       79        2         1

        CLASS   SFR0           

        CLASS   SFR1           

        CLASS   SFR2           

        CLASS   SFR3           

        CLASS   CONFIG         

        CLASS   IDLOC          

        CLASS   EEDATA         



SEGMENTS        Name                           Load    Length   Top    Selector   Space  Class     Delta

                reset_vec                      000000  000003  000003         0       0  CODE        2
                strings                        000003  000051  000054         6       0  STRING      2
                bssBANK0                       000020  00001E  00003E        20       1  BANK0       1
                cstackCOMMON                   000070  00000B  00007B        70       1  COMMON      1
                clrtext                        000295  000008  00029D       52A       0  CODE        2
                cinit                          00029D  00000F  0002AC       53A       0  CODE        2
                text198                        0002AC  000012  0002BE       558       0  CODE        2
                text195                        0002BE  000015  0002D3       57C       0  CODE        2
                text194                        0002D3  000015  0002E8       5A6       0  CODE        2
                text193                        0002E8  000019  000301       5D0       0  CODE        2
                text192                        000301  000027  000328       602       0  CODE        2
                text196                        000328  000060  000388       650       0  CODE        2
                text197                        000388  000070  0003F8       710       0  CODE        2
                maintext                       0003F8  0001B2  0005AA       7F0       0  CODE        2
                text191                        0005AA  000256  000800       B54       0  CODE        2


UNUSED ADDRESS RANGES

        Name                Unused          Largest block    Delta
        BANK0            003E-006F             32           1
        BANK1            00A0-00EF             50           1
        BANK2            0110-016F             60           1
        BANK3            0190-01EF             60           1
        CODE             0054-0294            241           2
                         0800-1FFF            800
        COMMON           007B-007D              3           1
        CONFIG           2007-2007              1           2
        CONST            0054-0294            100           2
                         0800-1FFF            100
        EEDATA           2100-21FF            100           2
        ENTRY            0054-0294            100           2
                         0800-1FFF            100
        IDLOC            2000-2003              4           2
        RAM              003E-006F             32           1
                         00A0-00EF             50
                         0110-016F             60
                         0190-01EF             60
        SFR0             0000-001F             20           1
        SFR1             0080-009F             20           1
        SFR2             0100-010F             10           1
        SFR3             0180-018F             10           1
        STRCODE          0054-0294            241           2
                         0800-1FFF           1800
        STRING           0054-0294            100           2
                         0800-1FFF            100

                                  Symbol Table

??___awdiv            cstackCOMMON 0074
??___awmod            cstackCOMMON 0074
??_delay              cstackCOMMON 0072
??_keypad             cstackCOMMON 0073
??_lcd_command        cstackCOMMON 0072
??_lcd_data           cstackCOMMON 0072
??_lcd_display        cstackCOMMON 0073
??_lcd_init           cstackCOMMON 0073
??_main               cstackCOMMON 0079
?___awdiv             cstackCOMMON 0070
?___awmod             cstackCOMMON 0070
?_delay               cstackCOMMON 0070
?_keypad              cstackCOMMON 0070
?_lcd_command         cstackCOMMON 0070
?_lcd_data            cstackCOMMON 0070
?_lcd_display         cstackCOMMON 0070
?_lcd_init            cstackCOMMON 0070
?_main                cstackCOMMON 0070
_PORTB                (abs)        0006
_PORTC                (abs)        0007
_PORTD                (abs)        0008
_RB0                  (abs)        0030
_RB1                  (abs)        0031
_RB2                  (abs)        0032
_RB3                  (abs)        0033
_RB4                  (abs)        0034
_RB5                  (abs)        0035
_RB6                  (abs)        0036
_RC0                  (abs)        0038
_RC1                  (abs)        0039
_RC2                  (abs)        003A
_RC3                  (abs)        003B
_RC4                  (abs)        003C
_RC5                  (abs)        003D
_RC6                  (abs)        003E
_TRISB                (abs)        0086
_TRISC                (abs)        0087
_TRISD                (abs)        0088
__Habs1               abs1         0000
__Hbank0              bank0        0000
__Hbank1              bank1        0000
__Hbank2              bank2        0000
__Hbank3              bank3        0000
__HbssBANK0           bssBANK0     0000
__HbssCOMMON          bssCOMMON    0000
__Hcinit              cinit        0000
__Hclrtext            clrtext      0000
__Hcode               code         0000
__Hcommon             common       0000
__Hconfig             config       0000
__HcstackBANK0        cstackBANK0  0000
__HcstackCOMMON       cstackCOMMON 0000
__Heeprom_data        eeprom_data  0000
__Hend_init           end_init     0003
__Hfunctab            functab      0000
__Hidloc              idloc        0000
__Hinit               init         0000
__Hintentry           intentry     0000
__Hmaintext           maintext     0000
__Hpowerup            powerup      0000
__Hram                ram          0000
__Hreset_vec          reset_vec    0000
__Hsfr0               sfr0         0000
__Hsfr1               sfr1         0000
__Hsfr2               sfr2         0000
__Hsfr3               sfr3         0000
__Hstrings            strings      0000
__Htext               text         0000
__Labs1               abs1         0000
__Lbank0              bank0        0000
__Lbank1              bank1        0000
__Lbank2              bank2        0000
__Lbank3              bank3        0000
__LbssBANK0           bssBANK0     0000
__LbssCOMMON          bssCOMMON    0000
__Lcinit              cinit        0000
__Lclrtext            clrtext      0000
__Lcode               code         0000
__Lcommon             common       0000
__Lconfig             config       0000
__LcstackBANK0        cstackBANK0  0000
__LcstackCOMMON       cstackCOMMON 0000
__Leeprom_data        eeprom_data  0000
__Lend_init           end_init     0000
__Lfunctab            functab      0000
__Lidloc              idloc        0000
__Linit               init         0000
__Lintentry           intentry     0000
__Lmaintext           maintext     0000
__Lpowerup            powerup      0000
__Lram                ram          0000
__Lreset_vec          reset_vec    0000
__Lsfr0               sfr0         0000
__Lsfr1               sfr1         0000
__Lsfr2               sfr2         0000
__Lsfr3               sfr3         0000
__Lstrings            strings      0000
__Ltext               text         0000
__S0                  (abs)        0800
__S1                  (abs)        007B
__S2                  (abs)        0000
___awdiv              text197      0388
___awdiv@counter      cstackCOMMON 0075
___awdiv@dividend     cstackCOMMON 0072
___awdiv@divisor      cstackCOMMON 0070
___awdiv@quotient     cstackCOMMON 0077
___awdiv@sign         cstackCOMMON 0076
___awmod              text196      0328
___awmod@counter      cstackCOMMON 0075
___awmod@dividend     cstackCOMMON 0072
___awmod@divisor      cstackCOMMON 0070
___awmod@sign         cstackCOMMON 0076
__end_of___awdiv      text197      03F8
__end_of___awmod      text196      0388
__end_of_delay        text198      02BE
__end_of_keypad       text191      0800
__end_of_lcd_command  text195      02D3
__end_of_lcd_data     text194      02E8
__end_of_lcd_display  text192      0328
__end_of_lcd_init     text193      0301
__end_of_main         maintext     05AA
__pbssBANK0           bssBANK0     0020
__pbssCOMMON          bssCOMMON    0079
__pcstackBANK0        cstackBANK0  0032
__pcstackCOMMON       cstackCOMMON 0070
__pmaintext           maintext     03F8
__pstrings            strings      0003
__ptext190            text190      0000
__ptext191            text191      05AA
__ptext192            text192      0301
__ptext193            text193      02E8
__ptext194            text194      02D3
__ptext195            text195      02BE
__ptext196            text196      0328
__ptext197            text197      0388
__ptext198            text198      02AC
__ptext199            text199      0000
__size_of___awdiv     (abs)        0000
__size_of___awmod     (abs)        0000
__size_of_delay       (abs)        0000
__size_of_keypad      (abs)        0000
__size_of_lcd_command (abs)        0000
__size_of_lcd_data    (abs)        0000
__size_of_lcd_display (abs)        0000
__size_of_lcd_init    (abs)        0000
__size_of_main        (abs)        0000
_a                    bssBANK0     0020
_delay                text198      02AC
_exit                 init         0000
_i                    bssCOMMON    0079
_keypad               text191      05AA
_lcd_command          text195      02BE
_lcd_data             text194      02D3
_lcd_display          text192      0301
_lcd_init             text193      02E8
_main                 maintext     03F8
btemp                 (abs)        007E
clear_ram             clrtext      0295
delay@x               cstackCOMMON 0070
end_of_initialization cinit        02A8
intlevel0             functab      0000
intlevel1             functab      0000
intlevel2             functab      0000
intlevel3             functab      0000
intlevel4             functab      0000
intlevel5             functab      0000
lcd_command@com       cstackCOMMON 0072
lcd_data@data         cstackCOMMON 0072
lcd_display@j         cstackCOMMON 0074
lcd_display@m         cstackCOMMON 0073
main@a                cstackBANK0  0032
main@a_320            cstackBANK0  0036
main@b                cstackBANK0  0034
main@b_321            cstackBANK0  0038
main@n                cstackBANK0  003A
main@n_319            cstackBANK0  003C
reset_vec             reset_vec    0000
start                 init         0000
start_initialization  cinit        029D
wtemp0                (abs)        007E
